<html>
<body>
<pre>
<h1>µVision Build Log</h1>
<h2>Tool Versions:</h2>
IDE-Version: ¦ÌVision V5.36.0.0
Copyright (C) 2021 ARM Ltd and ARM Germany GmbH. All rights reserved.
License Information: hh Administrator, ggk, LIC=76F5U-SJPVK-EVQ1R-KJVRV-SV4Y4-FN1SJ
 
Tool Versions:
Toolchain:       MDK-ARM Plus  Version: 5.36.0.0
Toolchain Path:  D:\MDK536\ARM\ARMCLANG\Bin
C Compiler:      ArmClang.exe V6.16
Assembler:       Armasm.exe V6.16
Linker/Locator:  ArmLink.exe V6.16
Library Manager: ArmAr.exe V6.16
Hex Converter:   FromElf.exe V6.16
CPU DLL:         SARMCM3.DLL V5.36.0.0
Dialog DLL:      DARMCM1.DLL V1.19.4.0
Target DLL:      UL2CM3.DLL V1.164.0.0
Dialog DLL:      TARMCM1.DLL V1.14.4.0
 
<h2>Project:</h2>
H:\2026 cursor file\Remote-controlled LED driver for motorcycle high and low beam lights\reference STM32c011f6p6-xl2400t\MDK-ARM\STM32c011f6p6-xl2400t.uvprojx
Project File Date:  03/27/2026

<h2>Output:</h2>
*** Using Compiler 'V6.16', folder: 'D:\MDK536\ARM\ARMCLANG\Bin'
Rebuild target 'STM32c011f6p6-xl2400t'
compiling stm32c0xx_it.c...
assembling startup_stm32c011xx.s...
compiling rf_xl2400.c...
compiling stm32c0xx_hal_msp.c...
compiling stm32c0xx_hal.c...
compiling XL2400T.c...
compiling main.c...
compiling stm32c0xx_hal_dma_ex.c...
compiling stm32c0xx_hal_adc_ex.c...
compiling stm32c0xx_hal_dma.c...
compiling stm32c0xx_hal_rcc.c...
compiling stm32c0xx_hal_rcc_ex.c...
compiling stm32c0xx_hal_flash.c...
compiling stm32c0xx_hal_adc.c...
compiling stm32c0xx_hal_pwr.c...
compiling stm32c0xx_hal_gpio.c...
compiling stm32c0xx_hal_flash_ex.c...
compiling stm32c0xx_hal_pwr_ex.c...
compiling stm32c0xx_hal_cortex.c...
compiling stm32c0xx_hal_exti.c...
compiling system_stm32c0xx.c...
compiling stm32c0xx_hal_uart_ex.c...
compiling stm32c0xx_hal_tim_ex.c...
compiling stm32c0xx_hal_uart.c...
compiling stm32c0xx_hal_tim.c...
linking...
Program Size: Code=17972 RO-data=744 RW-data=24 ZI-data=2032  
FromELF: creating hex file...
"STM32c011f6p6-xl2400t\STM32c011f6p6-xl2400t.axf" - 0 Error(s), 0 Warning(s).

<h2>Software Packages used:</h2>

Package Vendor: ARM
                http://www.keil.com/pack/ARM.CMSIS.5.8.0.pack
                ARM.CMSIS.5.8.0
                CMSIS (Common Microcontroller Software Interface Standard)
   * Component: CORE Version: 5.5.0

Package Vendor: Keil
                https://www.keil.com/pack/Keil.STM32C0xx_DFP.2.4.0.pack
                Keil.STM32C0xx_DFP.2.4.0
                STMicroelectronics STM32C0 Series Device Support

<h2>Collection of Component include folders:</h2>
  .\RTE\_STM32c011f6p6-xl2400t
  D:\MDK536\Packs\ARM\CMSIS\5.8.0\CMSIS\Core\Include

<h2>Collection of Component Files used:</h2>

   * Component: ARM::CMSIS:CORE:5.5.0
Build Time Elapsed:  00:00:03
</pre>
</body>
</html>
