Component: ARM Compiler 6.16 Tool: armlink [5dfeaa00]

==============================================================================

Section Cross References

    startup_stm32c011xx.o(STACK) refers (Special) to heapauxi.o(.text) for __use_two_region_memory
    startup_stm32c011xx.o(HEAP) refers (Special) to heapauxi.o(.text) for __use_two_region_memory
    startup_stm32c011xx.o(RESET) refers (Special) to heapauxi.o(.text) for __use_two_region_memory
    startup_stm32c011xx.o(RESET) refers to startup_stm32c011xx.o(STACK) for __initial_sp
    startup_stm32c011xx.o(RESET) refers to startup_stm32c011xx.o(.text) for Reset_Handler
    startup_stm32c011xx.o(RESET) refers to stm32c0xx_it.o(.text.NMI_Handler) for NMI_Handler
    startup_stm32c011xx.o(RESET) refers to stm32c0xx_it.o(.text.HardFault_Handler) for HardFault_Handler
    startup_stm32c011xx.o(RESET) refers to stm32c0xx_it.o(.text.SVC_Handler) for SVC_Handler
    startup_stm32c011xx.o(RESET) refers to stm32c0xx_it.o(.text.PendSV_Handler) for PendSV_Handler
    startup_stm32c011xx.o(RESET) refers to stm32c0xx_it.o(.text.SysTick_Handler) for SysTick_Handler
    startup_stm32c011xx.o(.text) refers (Special) to heapauxi.o(.text) for __use_two_region_memory
    startup_stm32c011xx.o(.text) refers to system_stm32c0xx.o(.text.SystemInit) for SystemInit
    startup_stm32c011xx.o(.text) refers to __main.o(!!!main) for __main
    startup_stm32c011xx.o(.text) refers to startup_stm32c011xx.o(HEAP) for Heap_Mem
    startup_stm32c011xx.o(.text) refers to startup_stm32c011xx.o(STACK) for Stack_Mem
    xl2400t.o(.text.XL2400T_SPI_Init) refers to stm32c0xx_hal_gpio.o(.text.HAL_GPIO_Init) for HAL_GPIO_Init
    xl2400t.o(.text.XL2400T_SPI_Init) refers to stm32c0xx_hal_gpio.o(.text.HAL_GPIO_WritePin) for HAL_GPIO_WritePin
    xl2400t.o(.ARM.exidx.text.XL2400T_SPI_Init) refers to xl2400t.o(.text.XL2400T_SPI_Init) for [Anonymous Symbol]
    xl2400t.o(.ARM.exidx.text.RF_DelayUs) refers to xl2400t.o(.text.RF_DelayUs) for [Anonymous Symbol]
    xl2400t.o(.ARM.exidx.text.RF_DelayMs) refers to xl2400t.o(.text.RF_DelayMs) for [Anonymous Symbol]
    xl2400t.o(.text.RF_SPI_Write_Reg) refers to stm32c0xx_hal_gpio.o(.text.HAL_GPIO_WritePin) for HAL_GPIO_WritePin
    xl2400t.o(.text.RF_SPI_Write_Reg) refers to xl2400t.o(.text.RF_SPI_Write_Byte) for RF_SPI_Write_Byte
    xl2400t.o(.ARM.exidx.text.RF_SPI_Write_Reg) refers to xl2400t.o(.text.RF_SPI_Write_Reg) for [Anonymous Symbol]
    xl2400t.o(.text.RF_SPI_Write_Byte) refers to stm32c0xx_hal_gpio.o(.text.HAL_GPIO_Init) for HAL_GPIO_Init
    xl2400t.o(.text.RF_SPI_Write_Byte) refers to stm32c0xx_hal_gpio.o(.text.HAL_GPIO_WritePin) for HAL_GPIO_WritePin
    xl2400t.o(.ARM.exidx.text.RF_SPI_Write_Byte) refers to xl2400t.o(.text.RF_SPI_Write_Byte) for [Anonymous Symbol]
    xl2400t.o(.text.RF_SPI_Read_Reg) refers to stm32c0xx_hal_gpio.o(.text.HAL_GPIO_WritePin) for HAL_GPIO_WritePin
    xl2400t.o(.text.RF_SPI_Read_Reg) refers to xl2400t.o(.text.RF_SPI_Write_Byte) for RF_SPI_Write_Byte
    xl2400t.o(.text.RF_SPI_Read_Reg) refers to xl2400t.o(.text.RF_SPI_Read_Byte) for RF_SPI_Read_Byte
    xl2400t.o(.ARM.exidx.text.RF_SPI_Read_Reg) refers to xl2400t.o(.text.RF_SPI_Read_Reg) for [Anonymous Symbol]
    xl2400t.o(.text.RF_SPI_Read_Byte) refers to stm32c0xx_hal_gpio.o(.text.HAL_GPIO_Init) for HAL_GPIO_Init
    xl2400t.o(.text.RF_SPI_Read_Byte) refers to stm32c0xx_hal_gpio.o(.text.HAL_GPIO_WritePin) for HAL_GPIO_WritePin
    xl2400t.o(.text.RF_SPI_Read_Byte) refers to stm32c0xx_hal_gpio.o(.text.HAL_GPIO_ReadPin) for HAL_GPIO_ReadPin
    xl2400t.o(.ARM.exidx.text.RF_SPI_Read_Byte) refers to xl2400t.o(.text.RF_SPI_Read_Byte) for [Anonymous Symbol]
    xl2400t.o(.text.RF_Write_Buff) refers to stm32c0xx_hal_gpio.o(.text.HAL_GPIO_WritePin) for HAL_GPIO_WritePin
    xl2400t.o(.text.RF_Write_Buff) refers to xl2400t.o(.text.RF_SPI_Write_Byte) for RF_SPI_Write_Byte
    xl2400t.o(.ARM.exidx.text.RF_Write_Buff) refers to xl2400t.o(.text.RF_Write_Buff) for [Anonymous Symbol]
    xl2400t.o(.text.RF_Read_Buff) refers to stm32c0xx_hal_gpio.o(.text.HAL_GPIO_WritePin) for HAL_GPIO_WritePin
    xl2400t.o(.text.RF_Read_Buff) refers to xl2400t.o(.text.RF_SPI_Write_Byte) for RF_SPI_Write_Byte
    xl2400t.o(.text.RF_Read_Buff) refers to xl2400t.o(.text.RF_SPI_Read_Byte) for RF_SPI_Read_Byte
    xl2400t.o(.ARM.exidx.text.RF_Read_Buff) refers to xl2400t.o(.text.RF_Read_Buff) for [Anonymous Symbol]
    xl2400t.o(.text.RF_CE_High) refers to stm32c0xx_hal_gpio.o(.text.HAL_GPIO_WritePin) for HAL_GPIO_WritePin
    xl2400t.o(.text.RF_CE_High) refers to xl2400t.o(.text.RF_SPI_Write_Byte) for RF_SPI_Write_Byte
    xl2400t.o(.ARM.exidx.text.RF_CE_High) refers to xl2400t.o(.text.RF_CE_High) for [Anonymous Symbol]
    xl2400t.o(.text.RF_CE_Low) refers to stm32c0xx_hal_gpio.o(.text.HAL_GPIO_WritePin) for HAL_GPIO_WritePin
    xl2400t.o(.text.RF_CE_Low) refers to xl2400t.o(.text.RF_SPI_Write_Byte) for RF_SPI_Write_Byte
[...]
    ../clib/printf.c                         0x00000000   Number         0  __printf_flags.o ABSOLUTE
    ../clib/printf.c                         0x00000000   Number         0  __printf_ss.o ABSOLUTE
    ../clib/printf.c                         0x00000000   Number         0  __printf_flags_ss.o ABSOLUTE
    ../clib/printf.c                         0x00000000   Number         0  __printf_wp.o ABSOLUTE
    ../clib/printf.c                         0x00000000   Number         0  __printf_flags_wp.o ABSOLUTE
    ../clib/printf.c                         0x00000000   Number         0  __printf_ss_wp.o ABSOLUTE
    ../clib/printf.c                         0x00000000   Number         0  __printf_flags_ss_wp.o ABSOLUTE
    ../clib/printf.c                         0x00000000   Number         0  _printf_intcommon.o ABSOLUTE
    ../clib/printf.c                         0x00000000   Number         0  _printf_char_common.o ABSOLUTE
    ../clib/printf.c                         0x00000000   Number         0  _sputc.o ABSOLUTE
    ../clib/printf.c                         0x00000000   Number         0  __printf_nopercent.o ABSOLUTE
    ../clib/printf_percent.s                 0x00000000   Number         0  _printf_u.o ABSOLUTE
    ../clib/printf_percent.s                 0x00000000   Number         0  _printf_percent.o ABSOLUTE
    ../clib/printf_percent.s                 0x00000000   Number         0  _printf_percent_end.o ABSOLUTE
    ../clib/signal.c                         0x00000000   Number         0  defsig_fpe_outer.o ABSOLUTE
    ../clib/signal.c                         0x00000000   Number         0  defsig_fpe_formal.o ABSOLUTE
    ../clib/signal.c                         0x00000000   Number         0  defsig_exit.o ABSOLUTE
    ../clib/signal.c                         0x00000000   Number         0  defsig_fpe_inner.o ABSOLUTE
    ../clib/signal.c                         0x00000000   Number         0  __raise.o ABSOLUTE
    ../clib/signal.c                         0x00000000   Number         0  defsig_general.o ABSOLUTE
    ../clib/signal.c                         0x00000000   Number         0  defsig_abrt_inner.o ABSOLUTE
    ../clib/signal.c                         0x00000000   Number         0  defsig_rtred_inner.o ABSOLUTE
    ../clib/signal.c                         0x00000000   Number         0  defsig_rtmem_inner.o ABSOLUTE
    ../clib/signal.c                         0x00000000   Number         0  defsig_rtmem_outer.o ABSOLUTE
    ../clib/signal.c                         0x00000000   Number         0  defsig_rtmem_formal.o ABSOLUTE
    ../clib/signal.c                         0x00000000   Number         0  defsig_stak_inner.o ABSOLUTE
    ../clib/signal.c                         0x00000000   Number         0  defsig_pvfn_inner.o ABSOLUTE
    ../clib/signal.c                         0x00000000   Number         0  defsig_cppl_inner.o ABSOLUTE
    ../clib/signal.c                         0x00000000   Number         0  defsig_segv_inner.o ABSOLUTE
    ../clib/signal.c                         0x00000000   Number         0  defsig_other.o ABSOLUTE
    ../clib/signal.s                         0x00000000   Number         0  defsig.o ABSOLUTE
    ../clib/stdlib.c                         0x00000000   Number         0  exit.o ABSOLUTE
    ../clib/string.c                         0x00000000   Number         0  strlen.o ABSOLUTE
    ../fplib/cfplib/fpinit.c                 0x00000000   Number         0  fpinit.o ABSOLUTE
    XL2400T.c                                0x00000000   Number         0  xl2400t.o ABSOLUTE
    dc.s                                     0x00000000   Number         0  dc.o ABSOLUTE
    main.c                                   0x00000000   Number         0  main.o ABSOLUTE
    rf_xl2400.c                              0x00000000   Number         0  rf_xl2400.o ABSOLUTE
    startup_stm32c011xx.s                    0x00000000   Number         0  startup_stm32c011xx.o ABSOLUTE
    stm32c0xx_hal.c                          0x00000000   Number         0  stm32c0xx_hal.o ABSOLUTE
    stm32c0xx_hal_adc.c                      0x00000000   Number         0  stm32c0xx_hal_adc.o ABSOLUTE
    stm32c0xx_hal_adc_ex.c                   0x00000000   Number         0  stm32c0xx_hal_adc_ex.o ABSOLUTE
    stm32c0xx_hal_cortex.c                   0x00000000   Number         0  stm32c0xx_hal_cortex.o ABSOLUTE
    stm32c0xx_hal_dma.c                      0x00000000   Number         0  stm32c0xx_hal_dma.o ABSOLUTE
    stm32c0xx_hal_dma_ex.c                   0x00000000   Number         0  stm32c0xx_hal_dma_ex.o ABSOLUTE
    stm32c0xx_hal_exti.c                     0x00000000   Number         0  stm32c0xx_hal_exti.o ABSOLUTE
    stm32c0xx_hal_flash.c                    0x00000000   Number         0  stm32c0xx_hal_flash.o ABSOLUTE
    stm32c0xx_hal_flash_ex.c                 0x00000000   Number         0  stm32c0xx_hal_flash_ex.o ABSOLUTE
    stm32c0xx_hal_gpio.c                     0x00000000   Number         0  stm32c0xx_hal_gpio.o ABSOLUTE
    stm32c0xx_hal_msp.c                      0x00000000   Number         0  stm32c0xx_hal_msp.o ABSOLUTE
    stm32c0xx_hal_pwr.c                      0x00000000   Number         0  stm32c0xx_hal_pwr.o ABSOLUTE
    stm32c0xx_hal_pwr_ex.c                   0x00000000   Number         0  stm32c0xx_hal_pwr_ex.o ABSOLUTE
    stm32c0xx_hal_rcc.c                      0x00000000   Number         0  stm32c0xx_hal_rcc.o ABSOLUTE
    stm32c0xx_hal_rcc_ex.c                   0x00000000   Number         0  stm32c0xx_hal_rcc_ex.o ABSOLUTE
    stm32c0xx_hal_tim.c                      0x00000000   Number         0  stm32c0xx_hal_tim.o ABSOLUTE
    stm32c0xx_hal_tim_ex.c                   0x00000000   Number         0  stm32c0xx_hal_tim_ex.o ABSOLUTE
    stm32c0xx_hal_uart.c                     0x00000000   Number         0  stm32c0xx_hal_uart.o ABSOLUTE
    stm32c0xx_hal_uart_ex.c                  0x00000000   Number         0  stm32c0xx_hal_uart_ex.o ABSOLUTE
    stm32c0xx_it.c                           0x00000000   Number         0  stm32c0xx_it.o ABSOLUTE
    system_stm32c0xx.c                       0x00000000   Number         0  system_stm32c0xx.o ABSOLUTE
    RESET                                    0x08000000   Section      192  startup_stm32c011xx.o(RESET)
    !!!main                                  0x080000c0   Section        8  __main.o(!!!main)
    !!!scatter                               0x080000c8   Section       60  __scatter.o(!!!scatter)
    !!handler_copy                           0x08000104   Section       26  __scatter_copy.o(!!handler_copy)
    !!handler_zi                             0x08000120   Section       28  __scatter_zi.o(!!handler_zi)
    .ARM.Collect$$_printf_percent$$00000000  0x0800013c   Section        2  _printf_percent.o(.ARM.Collect$$_printf_percent$$00000000)
    .ARM.Collect$$_printf_percent$$0000000A  0x0800013e   Section       10  _printf_u.o(.ARM.Collect$$_printf_percent$$0000000A)
    .ARM.Collect$$_printf_percent$$00000017  0x08000148   Section        4  _printf_percent_end.o(.ARM.Collect$$_printf_percent$$00000017)
    .ARM.Collect$$libinit$$00000000          0x0800014c   Section        2  libinit.o(.ARM.Collect$$libinit$$00000000)
    .ARM.Collect$$libinit$$00000002          0x0800014e   Section        0  libinit2.o(.ARM.Collect$$libinit$$00000002)
    .ARM.Collect$$libinit$$00000004          0x0800014e   Section        0  libinit2.o(.ARM.Collect$$libinit$$00000004)
    .ARM.Collect$$libinit$$0000000A          0x0800014e   Section        0  libinit2.o(.ARM.Collect$$libinit$$0000000A)
    .ARM.Collect$$libinit$$0000000C          0x0800014e   Section        0  libinit2.o(.ARM.Collect$$libinit$$0000000C)
    .ARM.Collect$$libinit$$0000000E          0x0800014e   Section        0  libinit2.o(.ARM.Collect$$libinit$$0000000E)
    .ARM.Collect$$libinit$$00000011          0x0800014e   Section        0  libinit2.o(.ARM.Collect$$libinit$$00000011)
    .ARM.Collect$$libinit$$00000013          0x0800014e   Section        0  libinit2.o(.ARM.Collect$$libinit$$00000013)
    .ARM.Collect$$libinit$$00000015          0x0800014e   Section        0  libinit2.o(.ARM.Collect$$libinit$$00000015)
    .ARM.Collect$$libinit$$00000017          0x0800014e   Section        0  libinit2.o(.ARM.Collect$$libinit$$00000017)
    .ARM.Collect$$libinit$$00000019          0x0800014e   Section        0  libinit2.o(.ARM.Collect$$libinit$$00000019)
    .ARM.Collect$$libinit$$0000001B          0x0800014e   Section        0  libinit2.o(.ARM.Collect$$libinit$$0000001B)
    .ARM.Collect$$libinit$$0000001D          0x0800014e   Section        0  libinit2.o(.ARM.Collect$$libinit$$0000001D)
    .ARM.Collect$$libinit$$0000001F          0x0800014e   Section        0  libinit2.o(.ARM.Collect$$libinit$$0000001F)
    .ARM.Collect$$libinit$$00000021          0x0800014e   Section        0  libinit2.o(.ARM.Collect$$libinit$$00000021)
    .ARM.Collect$$libinit$$00000023          0x0800014e   Section        0  libinit2.o(.ARM.Collect$$libinit$$00000023)
    .ARM.Collect$$libinit$$00000025          0x0800014e   Section        0  libinit2.o(.ARM.Collect$$libinit$$00000025)
    .ARM.Collect$$libinit$$0000002C          0x0800014e   Section        0  libinit2.o(.ARM.Collect$$libinit$$0000002C)
    .ARM.Collect$$libinit$$0000002E          0x0800014e   Section        0  libinit2.o(.ARM.Collect$$libinit$$0000002E)
    .ARM.Collect$$libinit$$00000030          0x0800014e   Section        0  libinit2.o(.ARM.Collect$$libinit$$00000030)
    .ARM.Collect$$libinit$$00000032          0x0800014e   Section        0  libinit2.o(.ARM.Collect$$libinit$$00000032)
    .ARM.Collect$$libinit$$00000033          0x0800014e   Section        2  libinit2.o(.ARM.Collect$$libinit$$00000033)
    .ARM.Collect$$libshutdown$$00000000      0x08000150   Section        2  libshutdown.o(.ARM.Collect$$libshutdown$$00000000)
    .ARM.Collect$$libshutdown$$00000002      0x08000152   Section        0  libshutdown2.o(.ARM.Collect$$libshutdown$$00000002)
    .ARM.Collect$$libshutdown$$00000004      0x08000152   Section        0  libshutdown2.o(.ARM.Collect$$libshutdown$$00000004)
    .ARM.Collect$$libshutdown$$00000007      0x08000152   Section        0  libshutdown2.o(.ARM.Collect$$libshutdown$$00000007)
    .ARM.Collect$$libshutdown$$0000000A      0x08000152   Section        0  libshutdown2.o(.ARM.Collect$$libshutdown$$0000000A)
    .ARM.Collect$$libshutdown$$0000000C      0x08000152   Section        0  libshutdown2.o(.ARM.Collect$$libshutdown$$0000000C)
    .ARM.Collect$$libshutdown$$0000000F      0x08000152   Section        0  libshutdown2.o(.ARM.Collect$$libshutdown$$0000000F)
    .ARM.Collect$$libshutdown$$00000010      0x08000152   Section        2  libshutdown2.o(.ARM.Collect$$libshutdown$$00000010)
    .ARM.Collect$$rtentry$$00000000          0x08000154   Section        0  __rtentry.o(.ARM.Collect$$rtentry$$00000000)
    .ARM.Collect$$rtentry$$00000002          0x08000154   Section        0  __rtentry2.o(.ARM.Collect$$rtentry$$00000002)
    .ARM.Collect$$rtentry$$00000004          0x08000154   Section        6  __rtentry4.o(.ARM.Collect$$rtentry$$00000004)
    .ARM.Collect$$rtentry$$00000009          0x0800015a   Section        0  __rtentry2.o(.ARM.Collect$$rtentry$$00000009)
    .ARM.Collect$$rtentry$$0000000A          0x0800015a   Section        4  __rtentry2.o(.ARM.Collect$$rtentry$$0000000A)
    .ARM.Collect$$rtentry$$0000000C          0x0800015e   Section        0  __rtentry2.o(.ARM.Collect$$rtentry$$0000000C)
    .ARM.Collect$$rtentry$$0000000D          0x0800015e   Section        8  __rtentry2.o(.ARM.Collect$$rtentry$$0000000D)
    .ARM.Collect$$rtexit$$00000000           0x08000166   Section        2  rtexit.o(.ARM.Collect$$rtexit$$00000000)
    .ARM.Collect$$rtexit$$00000002           0x08000168   Section        0  rtexit2.o(.ARM.Collect$$rtexit$$00000002)
    .ARM.Collect$$rtexit$$00000003           0x08000168   Section        4  rtexit2.o(.ARM.Collect$$rtexit$$00000003)
    .ARM.Collect$$rtexit$$00000004           0x0800016c   Section        6  rtexit2.o(.ARM.Collect$$rtexit$$00000004)
    .text                                    0x08000174   Section       56  startup_stm32c011xx.o(.text)
    .text                                    0x080001ac   Section        0  noretval__2sprintf.o(.text)
    .text                                    0x080001d4   Section        0  __printf.o(.text)
    .text                                    0x08000240   Section        0  _printf_dec.o(.text)
    .text                                    0x080002ac   Section        0  strlen.o(.text)
    .text                                    0x080002f0   Section        0  rt_memclr.o(.text)
    .text                                    0x08000330   Section        0  heapauxi.o(.text)
    .text                                    0x08000336   Section        0  _printf_intcommon.o(.text)
    _printf_input_char                       0x080003e9   Thumb Code    10  _printf_char_common.o(.text)
    .text                                    0x080003e8   Section        0  _printf_char_common.o(.text)
    .text                                    0x08000418   Section        0  _sputc.o(.text)
    .text                                    0x08000422   Section        0  rtudiv10.o(.text)
    .text                                    0x0800044a   Section       62  sys_stackheap_outer.o(.text)
    .text                                    0x08000488   Section        0  exit.o(.text)
    .text                                    0x08000498   Section        8  libspace.o(.text)
    .text                                    0x080004a0   Section        0  sys_exit.o(.text)
    .text                                    0x080004ac   Section        2  use_no_semi.o(.text)
    .text                                    0x080004ae   Section        0  indicate_semi.o(.text)
    [Anonymous Symbol]                       0x080004b0   Section        0  stm32c0xx_hal_adc.o(.text.ADC_Enable)
    __arm_cp.7_0                             0x08000560   Number         4  stm32c0xx_hal_adc.o(.text.ADC_Enable)
    [Anonymous Symbol]                       0x08000564   Section        0  main.o(.text.Error_Handler)
    [Anonymous Symbol]                       0x08000568   Section        0  stm32c0xx_hal_flash.o(.text.FLASH_WaitForLastOperation)
    __arm_cp.1_0                             0x080005b4   Number         4  stm32c0xx_hal_flash.o(.text.FLASH_WaitForLastOperation)
    __arm_cp.1_1                             0x080005b8   Number         4  stm32c0xx_hal_flash.o(.text.FLASH_WaitForLastOperation)
    __arm_cp.1_2                             0x080005bc   Number         4  stm32c0xx_hal_flash.o(.text.FLASH_WaitForLastOperation)
    [Anonymous Symbol]                       0x080005c0   Section        0  stm32c0xx_hal_adc.o(.text.HAL_ADC_ConfigChannel)
    __arm_cp.26_0                            0x08000848   Number         4  stm32c0xx_hal_adc.o(.text.HAL_ADC_ConfigChannel)
    __arm_cp.26_1                            0x0800084c   Number         4  stm32c0xx_hal_adc.o(.text.HAL_ADC_ConfigChannel)
    __arm_cp.26_2                            0x08000850   Number         4  stm32c0xx_hal_adc.o(.text.HAL_ADC_ConfigChannel)
    __arm_cp.26_3                            0x08000854   Number         4  stm32c0xx_hal_adc.o(.text.HAL_ADC_ConfigChannel)
    __arm_cp.26_4                            0x08000858   Number         4  stm32c0xx_hal_adc.o(.text.HAL_ADC_ConfigChannel)
    __arm_cp.26_5                            0x0800085c   Number         4  stm32c0xx_hal_adc.o(.text.HAL_ADC_ConfigChannel)
    __arm_cp.26_6                            0x08000860   Number         4  stm32c0xx_hal_adc.o(.text.HAL_ADC_ConfigChannel)
    __arm_cp.26_7                            0x08000864   Number         4  stm32c0xx_hal_adc.o(.text.HAL_ADC_ConfigChannel)
    [Anonymous Symbol]                       0x08000868   Section        0  stm32c0xx_hal_adc.o(.text.HAL_ADC_DeInit)
    __arm_cp.2_0                             0x08000990   Number         4  stm32c0xx_hal_adc.o(.text.HAL_ADC_DeInit)
    __arm_cp.2_2                             0x08000994   Number         4  stm32c0xx_hal_adc.o(.text.HAL_ADC_DeInit)
    __arm_cp.2_3                             0x08000998   Number         4  stm32c0xx_hal_adc.o(.text.HAL_ADC_DeInit)
    __arm_cp.2_4                             0x0800099c   Number         4  stm32c0xx_hal_adc.o(.text.HAL_ADC_DeInit)
    __arm_cp.2_5                             0x080009a0   Number         4  stm32c0xx_hal_adc.o(.text.HAL_ADC_DeInit)
    __arm_cp.2_6                             0x080009a4   Number         4  stm32c0xx_hal_adc.o(.text.HAL_ADC_DeInit)
    [Anonymous Symbol]                       0x080009a8   Section        0  stm32c0xx_hal_adc.o(.text.HAL_ADC_GetValue)
    [Anonymous Symbol]                       0x080009b0   Section        0  stm32c0xx_hal_adc.o(.text.HAL_ADC_Init)
    __arm_cp.0_0                             0x08000bf4   Number         4  stm32c0xx_hal_adc.o(.text.HAL_ADC_Init)
    __arm_cp.0_1                             0x08000bf8   Number         4  stm32c0xx_hal_adc.o(.text.HAL_ADC_Init)
    __arm_cp.0_2                             0x08000bfc   Number         4  stm32c0xx_hal_adc.o(.text.HAL_ADC_Init)
    __arm_cp.0_3                             0x08000c00   Number         4  stm32c0xx_hal_adc.o(.text.HAL_ADC_Init)
    __arm_cp.0_4                             0x08000c04   Number         4  stm32c0xx_hal_adc.o(.text.HAL_ADC_Init)
    __arm_cp.0_5                             0x08000c08   Number         4  stm32c0xx_hal_adc.o(.text.HAL_ADC_Init)
    [Anonymous Symbol]                       0x08000c0c   Section        0  stm32c0xx_hal_msp.o(.text.HAL_ADC_MspDeInit)
    __arm_cp.2_1                             0x08000c30   Number         4  stm32c0xx_hal_msp.o(.text.HAL_ADC_MspDeInit)
    [Anonymous Symbol]                       0x08000c34   Section        0  stm32c0xx_hal_msp.o(.text.HAL_ADC_MspInit)
    __arm_cp.1_0                             0x08000ca8   Number         4  stm32c0xx_hal_msp.o(.text.HAL_ADC_MspInit)
    __arm_cp.1_1                             0x08000cac   Number         4  stm32c0xx_hal_msp.o(.text.HAL_ADC_MspInit)
    [Anonymous Symbol]                       0x08000cb0   Section        0  stm32c0xx_hal_adc.o(.text.HAL_ADC_PollForConversion)
    [Anonymous Symbol]                       0x08000d80   Section        0  stm32c0xx_hal_adc.o(.text.HAL_ADC_Start)
    __arm_cp.6_0                             0x08000dd4   Number         4  stm32c0xx_hal_adc.o(.text.HAL_ADC_Start)
    [Anonymous Symbol]                       0x08000dd8   Section        0  stm32c0xx_hal_adc.o(.text.HAL_ADC_Stop)
    __arm_cp.8_0                             0x08000ea0   Number         4  stm32c0xx_hal_adc.o(.text.HAL_ADC_Stop)
    [Anonymous Symbol]                       0x08000ea4   Section        0  stm32c0xx_hal.o(.text.HAL_Delay)
    __arm_cp.10_0                            0x08000ec4   Number         4  stm32c0xx_hal.o(.text.HAL_Delay)
    [Anonymous Symbol]                       0x08000ec8   Section        0  stm32c0xx_hal_flash_ex.o(.text.HAL_FLASHEx_Erase)
    __arm_cp.0_2                             0x08000f74   Number         4  stm32c0xx_hal_flash_ex.o(.text.HAL_FLASHEx_Erase)
    __arm_cp.0_3                             0x08000f78   Number         4  stm32c0xx_hal_flash_ex.o(.text.HAL_FLASHEx_Erase)
    [Anonymous Symbol]                       0x08000f7c   Section        0  stm32c0xx_hal_flash.o(.text.HAL_FLASH_Lock)
    __arm_cp.7_0                             0x08000f90   Number         4  stm32c0xx_hal_flash.o(.text.HAL_FLASH_Lock)
    [Anonymous Symbol]                       0x08000f94   Section        0  stm32c0xx_hal_flash.o(.text.HAL_FLASH_Program)
    __arm_cp.0_0                             0x080010b8   Number         4  stm32c0xx_hal_flash.o(.text.HAL_FLASH_Program)
    __arm_cp.0_1                             0x080010bc   Number         4  stm32c0xx_hal_flash.o(.text.HAL_FLASH_Program)
    __arm_cp.0_2                             0x080010c0   Number         4  stm32c0xx_hal_flash.o(.text.HAL_FLASH_Program)
    [Anonymous Symbol]                       0x080010c4   Section        0  stm32c0xx_hal_flash.o(.text.HAL_FLASH_Unlock)
    __arm_cp.6_0                             0x080010e0   Number         4  stm32c0xx_hal_flash.o(.text.HAL_FLASH_Unlock)
    __arm_cp.6_1                             0x080010e4   Number         4  stm32c0xx_hal_flash.o(.text.HAL_FLASH_Unlock)
    __arm_cp.6_2                             0x080010e8   Number         4  stm32c0xx_hal_flash.o(.text.HAL_FLASH_Unlock)
    [Anonymous Symbol]                       0x080010ec   Section        0  stm32c0xx_hal_gpio.o(.text.HAL_GPIO_DeInit)
    [Anonymous Symbol]                       0x080012ac   Section        0  stm32c0xx_hal_gpio.o(.text.HAL_GPIO_Init)
    __arm_cp.0_0                             0x0800145c   Number         4  stm32c0xx_hal_gpio.o(.text.HAL_GPIO_Init)
    __arm_cp.0_1                             0x08001460   Number         4  stm32c0xx_hal_gpio.o(.text.HAL_GPIO_Init)
    __arm_cp.0_2                             0x08001464   Number         4  stm32c0xx_hal_gpio.o(.text.HAL_GPIO_Init)
    __arm_cp.0_3                             0x08001468   Number         4  stm32c0xx_hal_gpio.o(.text.HAL_GPIO_Init)
    __arm_cp.0_4                             0x0800146c   Number         4  stm32c0xx_hal_gpio.o(.text.HAL_GPIO_Init)
    __arm_cp.0_5                             0x08001470   Number         4  stm32c0xx_hal_gpio.o(.text.HAL_GPIO_Init)
    [Anonymous Symbol]                       0x08001474   Section        0  stm32c0xx_hal_gpio.o(.text.HAL_GPIO_ReadPin)
    [Anonymous Symbol]                       0x0800147e   Section        0  stm32c0xx_hal_gpio.o(.text.HAL_GPIO_WritePin)
    [Anonymous Symbol]                       0x08001490   Section        0  stm32c0xx_hal.o(.text.HAL_GetTick)
    [Anonymous Symbol]                       0x08001498   Section        0  stm32c0xx_hal.o(.text.HAL_IncTick)
    __arm_cp.5_1                             0x080014a8   Number         4  stm32c0xx_hal.o(.text.HAL_IncTick)
    [Anonymous Symbol]                       0x080014ac   Section        0  stm32c0xx_hal.o(.text.HAL_Init)
    [Anonymous Symbol]                       0x080014c4   Section        0  stm32c0xx_hal.o(.text.HAL_InitTick)
    __arm_cp.1_0                             0x08001504   Number         4  stm32c0xx_hal.o(.text.HAL_InitTick)
    [Anonymous Symbol]                       0x08001508   Section        0  stm32c0xx_hal_msp.o(.text.HAL_MspInit)
    __arm_cp.0_0                             0x08001540   Number         4  stm32c0xx_hal_msp.o(.text.HAL_MspInit)
    [Anonymous Symbol]                       0x08001544   Section        0  stm32c0xx_hal_cortex.o(.text.HAL_NVIC_SetPriority)
    __arm_cp.0_0                             0x0800157c   Number         4  stm32c0xx_hal_cortex.o(.text.HAL_NVIC_SetPriority)
    __arm_cp.0_1                             0x08001580   Number         4  stm32c0xx_hal_cortex.o(.text.HAL_NVIC_SetPriority)
    [Anonymous Symbol]                       0x08001584   Section        0  stm32c0xx_hal_rcc_ex.o(.text.HAL_RCCEx_PeriphCLKConfig)
    __arm_cp.0_0                             0x080016ac   Number         4  stm32c0xx_hal_rcc_ex.o(.text.HAL_RCCEx_PeriphCLKConfig)
    __arm_cp.0_1                             0x080016b0   Number         4  stm32c0xx_hal_rcc_ex.o(.text.HAL_RCCEx_PeriphCLKConfig)
    [Anonymous Symbol]                       0x080016b4   Section        0  stm32c0xx_hal_rcc.o(.text.HAL_RCC_ClockConfig)
    __arm_cp.2_0                             0x0800184c   Number         4  stm32c0xx_hal_rcc.o(.text.HAL_RCC_ClockConfig)
    __arm_cp.2_1                             0x08001850   Number         4  stm32c0xx_hal_rcc.o(.text.HAL_RCC_ClockConfig)
    __arm_cp.2_6                             0x08001854   Number         4  stm32c0xx_hal_rcc.o(.text.HAL_RCC_ClockConfig)
    [Anonymous Symbol]                       0x08001858   Section        0  stm32c0xx_hal_rcc.o(.text.HAL_RCC_GetPCLK1Freq)
    __arm_cp.6_3                             0x080018c8   Number         4  stm32c0xx_hal_rcc.o(.text.HAL_RCC_GetPCLK1Freq)
    __arm_cp.6_5                             0x080018cc   Number         4  stm32c0xx_hal_rcc.o(.text.HAL_RCC_GetPCLK1Freq)
    [Anonymous Symbol]                       0x080018d0   Section        0  stm32c0xx_hal_rcc.o(.text.HAL_RCC_GetSysClockFreq)
    __arm_cp.3_0                             0x08001918   Number         4  stm32c0xx_hal_rcc.o(.text.HAL_RCC_GetSysClockFreq)
    __arm_cp.3_1                             0x0800191c   Number         4  stm32c0xx_hal_rcc.o(.text.HAL_RCC_GetSysClockFreq)
    [Anonymous Symbol]                       0x08001920   Section        0  stm32c0xx_hal_rcc.o(.text.HAL_RCC_OscConfig)
    __arm_cp.1_0                             0x08001b80   Number         4  stm32c0xx_hal_rcc.o(.text.HAL_RCC_OscConfig)
    __arm_cp.1_1                             0x08001b84   Number         4  stm32c0xx_hal_rcc.o(.text.HAL_RCC_OscConfig)
    __arm_cp.1_2                             0x08001b88   Number         4  stm32c0xx_hal_rcc.o(.text.HAL_RCC_OscConfig)
    __arm_cp.1_3                             0x08001b8c   Number         4  stm32c0xx_hal_rcc.o(.text.HAL_RCC_OscConfig)
    __arm_cp.1_4                             0x08001b90   Number         4  stm32c0xx_hal_rcc.o(.text.HAL_RCC_OscConfig)
    [Anonymous Symbol]                       0x08001b94   Section        0  stm32c0xx_hal.o(.text.HAL_SYSCFG_EnableRemap)
    __arm_cp.23_0                            0x08001ba0   Number         4  stm32c0xx_hal.o(.text.HAL_SYSCFG_EnableRemap)
    [Anonymous Symbol]                       0x08001ba4   Section        0  stm32c0xx_hal_cortex.o(.text.HAL_SYSTICK_Config)
    __arm_cp.4_0                             0x08001bcc   Number         4  stm32c0xx_hal_cortex.o(.text.HAL_SYSTICK_Config)
    __arm_cp.4_1                             0x08001bd0   Number         4  stm32c0xx_hal_cortex.o(.text.HAL_SYSTICK_Config)
    __arm_cp.4_2                             0x08001bd4   Number         4  stm32c0xx_hal_cortex.o(.text.HAL_SYSTICK_Config)
    [Anonymous Symbol]                       0x08001bd8   Section        0  stm32c0xx_hal_tim_ex.o(.text.HAL_TIMEx_ConfigBreakDeadTime)
    __arm_cp.34_0                            0x08001c74   Number         4  stm32c0xx_hal_tim_ex.o(.text.HAL_TIMEx_ConfigBreakDeadTime)
    __arm_cp.34_1                            0x08001c78   Number         4  stm32c0xx_hal_tim_ex.o(.text.HAL_TIMEx_ConfigBreakDeadTime)
    __arm_cp.34_2                            0x08001c7c   Number         4  stm32c0xx_hal_tim_ex.o(.text.HAL_TIMEx_ConfigBreakDeadTime)
    __arm_cp.34_3                            0x08001c80   Number         4  stm32c0xx_hal_tim_ex.o(.text.HAL_TIMEx_ConfigBreakDeadTime)
    __arm_cp.34_4                            0x08001c84   Number         4  stm32c0xx_hal_tim_ex.o(.text.HAL_TIMEx_ConfigBreakDeadTime)
    __arm_cp.34_5                            0x08001c88   Number         4  stm32c0xx_hal_tim_ex.o(.text.HAL_TIMEx_ConfigBreakDeadTime)
    __arm_cp.34_7                            0x08001c8c   Number         4  stm32c0xx_hal_tim_ex.o(.text.HAL_TIMEx_ConfigBreakDeadTime)
    __arm_cp.34_8                            0x08001c90   Number         4  stm32c0xx_hal_tim_ex.o(.text.HAL_TIMEx_ConfigBreakDeadTime)
    [Anonymous Symbol]                       0x08001c94   Section        0  stm32c0xx_hal_tim_ex.o(.text.HAL_TIMEx_MasterConfigSynchronization)
    __arm_cp.33_1                            0x08001cec   Number         4  stm32c0xx_hal_tim_ex.o(.text.HAL_TIMEx_MasterConfigSynchronization)
    [Anonymous Symbol]                       0x08001cf0   Section        0  stm32c0xx_hal_msp.o(.text.HAL_TIM_MspPostInit)
    __arm_cp.4_0                             0x08001d30   Number         4  stm32c0xx_hal_msp.o(.text.HAL_TIM_MspPostInit)
    __arm_cp.4_1                             0x08001d34   Number         4  stm32c0xx_hal_msp.o(.text.HAL_TIM_MspPostInit)
    [Anonymous Symbol]                       0x08001d38   Section        0  stm32c0xx_hal_tim.o(.text.HAL_TIM_PWM_ConfigChannel)
    __arm_cp.77_0                            0x08002084   Number         4  stm32c0xx_hal_tim.o(.text.HAL_TIM_PWM_ConfigChannel)
    __arm_cp.77_3                            0x08002088   Number         4  stm32c0xx_hal_tim.o(.text.HAL_TIM_PWM_ConfigChannel)
    __arm_cp.77_4                            0x0800208c   Number         4  stm32c0xx_hal_tim.o(.text.HAL_TIM_PWM_ConfigChannel)
    __arm_cp.77_5                            0x08002090   Number         4  stm32c0xx_hal_tim.o(.text.HAL_TIM_PWM_ConfigChannel)
    __arm_cp.77_6                            0x08002094   Number         4  stm32c0xx_hal_tim.o(.text.HAL_TIM_PWM_ConfigChannel)
    [Anonymous Symbol]                       0x08002098   Section        0  stm32c0xx_hal_tim.o(.text.HAL_TIM_PWM_Init)
    __arm_cp.27_0                            0x0800215c   Number         4  stm32c0xx_hal_tim.o(.text.HAL_TIM_PWM_Init)
    __arm_cp.27_2                            0x08002160   Number         4  stm32c0xx_hal_tim.o(.text.HAL_TIM_PWM_Init)
    __arm_cp.27_3                            0x08002164   Number         4  stm32c0xx_hal_tim.o(.text.HAL_TIM_PWM_Init)
    __arm_cp.27_4                            0x08002168   Number         4  stm32c0xx_hal_tim.o(.text.HAL_TIM_PWM_Init)
    __arm_cp.27_5                            0x0800216c   Number         4  stm32c0xx_hal_tim.o(.text.HAL_TIM_PWM_Init)
    [Anonymous Symbol]                       0x08002170   Section        0  stm32c0xx_hal_msp.o(.text.HAL_TIM_PWM_MspInit)
    __arm_cp.3_0                             0x08002198   Number         4  stm32c0xx_hal_msp.o(.text.HAL_TIM_PWM_MspInit)
    __arm_cp.3_1                             0x0800219c   Number         4  stm32c0xx_hal_msp.o(.text.HAL_TIM_PWM_MspInit)
    [Anonymous Symbol]                       0x080021a0   Section        0  stm32c0xx_hal_tim.o(.text.HAL_TIM_PWM_Start)
    __arm_cp.31_0                            0x0800229c   Number         4  stm32c0xx_hal_tim.o(.text.HAL_TIM_PWM_Start)
    __arm_cp.31_1                            0x080022a0   Number         4  stm32c0xx_hal_tim.o(.text.HAL_TIM_PWM_Start)
    __arm_cp.31_2                            0x080022a4   Number         4  stm32c0xx_hal_tim.o(.text.HAL_TIM_PWM_Start)
    __arm_cp.31_3                            0x080022a8   Number         4  stm32c0xx_hal_tim.o(.text.HAL_TIM_PWM_Start)
    __arm_cp.31_4                            0x080022ac   Number         4  stm32c0xx_hal_tim.o(.text.HAL_TIM_PWM_Start)
    __arm_cp.31_5                            0x080022b0   Number         4  stm32c0xx_hal_tim.o(.text.HAL_TIM_PWM_Start)
    [Anonymous Symbol]                       0x080022b4   Section        0  stm32c0xx_hal_uart_ex.o(.text.HAL_UARTEx_DisableFifoMode)
    [Anonymous Symbol]                       0x080022ec   Section        0  stm32c0xx_hal_uart_ex.o(.text.HAL_UARTEx_SetRxFifoThreshold)
    [Anonymous Symbol]                       0x08002364   Section        0  stm32c0xx_hal_uart_ex.o(.text.HAL_UARTEx_SetTxFifoThreshold)
    __arm_cp.10_0                            0x080023dc   Number         4  stm32c0xx_hal_uart_ex.o(.text.HAL_UARTEx_SetTxFifoThreshold)
    __arm_cp.10_1                            0x080023e0   Number         4  stm32c0xx_hal_uart_ex.o(.text.HAL_UARTEx_SetTxFifoThreshold)
    [Anonymous Symbol]                       0x080023e4   Section        0  stm32c0xx_hal_uart.o(.text.HAL_UART_Init)
    [Anonymous Symbol]                       0x08002450   Section        0  stm32c0xx_hal_msp.o(.text.HAL_UART_MspInit)
    __arm_cp.6_0                             0x080024cc   Number         4  stm32c0xx_hal_msp.o(.text.HAL_UART_MspInit)
    __arm_cp.6_1                             0x080024d0   Number         4  stm32c0xx_hal_msp.o(.text.HAL_UART_MspInit)
    [Anonymous Symbol]                       0x080024d4   Section        0  stm32c0xx_hal_uart.o(.text.HAL_UART_Transmit)
    __arm_cp.10_0                            0x08002660   Number         4  stm32c0xx_hal_uart.o(.text.HAL_UART_Transmit)
    [Anonymous Symbol]                       0x08002664   Section        0  stm32c0xx_it.o(.text.HardFault_Handler)
    [Anonymous Symbol]                       0x08002666   Section        0  stm32c0xx_it.o(.text.NMI_Handler)
    [Anonymous Symbol]                       0x08002668   Section        0  stm32c0xx_it.o(.text.PendSV_Handler)
    [Anonymous Symbol]                       0x0800266a   Section        0  rf_xl2400.o(.text.RF_Link_ConfigTx)
    [Anonymous Symbol]                       0x0800267a   Section        0  rf_xl2400.o(.text.RF_Link_Init)
    [Anonymous Symbol]                       0x08002688   Section        0  rf_xl2400.o(.text.RF_Link_Send)
    __arm_cp.4_0                             0x08002718   Number         4  rf_xl2400.o(.text.RF_Link_Send)
    [Anonymous Symbol]                       0x0800271c   Section        0  xl2400t.o(.text.RF_Refresh_State)
    RF_SPI_Read_Byte                         0x08002795   Thumb Code   396  xl2400t.o(.text.RF_SPI_Read_Byte)
    [Anonymous Symbol]                       0x08002794   Section        0  xl2400t.o(.text.RF_SPI_Read_Byte)
    RF_SPI_Write_Byte                        0x08002921   Thumb Code   360  xl2400t.o(.text.RF_SPI_Write_Byte)
    [Anonymous Symbol]                       0x08002920   Section        0  xl2400t.o(.text.RF_SPI_Write_Byte)
    __arm_cp.4_0                             0x08002a88   Number         4  xl2400t.o(.text.RF_SPI_Write_Byte)
    [Anonymous Symbol]                       0x08002a8c   Section        0  xl2400t.o(.text.RF_Set_Address)
    [Anonymous Symbol]                       0x08002b10   Section        0  xl2400t.o(.text.RF_Set_Chn)
    [Anonymous Symbol]                       0x08002bd4   Section        0  xl2400t.o(.text.RF_TX_Data)
    [Anonymous Symbol]                       0x08002cfc   Section        0  xl2400t.o(.text.RF_Tx_Mode)
    Read_ADC1_Channel                        0x08002d5d   Thumb Code   228  main.o(.text.Read_ADC1_Channel)
    [Anonymous Symbol]                       0x08002d5c   Section        0  main.o(.text.Read_ADC1_Channel)
    __arm_cp.2_0                             0x08002e40   Number         4  main.o(.text.Read_ADC1_Channel)
    __arm_cp.2_1                             0x08002e44   Number         4  main.o(.text.Read_ADC1_Channel)
    __arm_cp.2_2                             0x08002e48   Number         4  main.o(.text.Read_ADC1_Channel)
    __arm_cp.2_3                             0x08002e4c   Number         4  main.o(.text.Read_ADC1_Channel)
    [Anonymous Symbol]                       0x08002e50   Section        0  stm32c0xx_it.o(.text.SVC_Handler)
    [Anonymous Symbol]                       0x08002e52   Section        0  stm32c0xx_it.o(.text.SysTick_Handler)
    [Anonymous Symbol]                       0x08002e5c   Section        0  system_stm32c0xx.o(.text.SystemInit)
    __arm_cp.0_0                             0x08002e68   Number         4  system_stm32c0xx.o(.text.SystemInit)
    [Anonymous Symbol]                       0x08002e6c   Section        0  stm32c0xx_hal_uart.o(.text.UART_AdvFeatureConfig)
    [Anonymous Symbol]                       0x08002f40   Section        0  stm32c0xx_hal_uart.o(.text.UART_CheckIdleState)
    __arm_cp.4_0                             0x08003004   Number         4  stm32c0xx_hal_uart.o(.text.UART_CheckIdleState)
    [Anonymous Symbol]                       0x08003008   Section        0  stm32c0xx_hal_uart.o(.text.UART_SetConfig)
    __arm_cp.3_0                             0x08003164   Number         4  stm32c0xx_hal_uart.o(.text.UART_SetConfig)
    __arm_cp.3_1                             0x08003168   Number         4  stm32c0xx_hal_uart.o(.text.UART_SetConfig)
    __arm_cp.3_2                             0x0800316c   Number         4  stm32c0xx_hal_uart.o(.text.UART_SetConfig)
    __arm_cp.3_3                             0x08003170   Number         4  stm32c0xx_hal_uart.o(.text.UART_SetConfig)
    __arm_cp.3_4                             0x08003174   Number         4  stm32c0xx_hal_uart.o(.text.UART_SetConfig)
    __arm_cp.3_6                             0x08003188   Number         4  stm32c0xx_hal_uart.o(.text.UART_SetConfig)
    __arm_cp.3_7                             0x0800318c   Number         4  stm32c0xx_hal_uart.o(.text.UART_SetConfig)
    __arm_cp.3_8                             0x08003190   Number         4  stm32c0xx_hal_uart.o(.text.UART_SetConfig)
    __arm_cp.3_9                             0x08003194   Number         4  stm32c0xx_hal_uart.o(.text.UART_SetConfig)
    [Anonymous Symbol]                       0x08003198   Section        0  stm32c0xx_hal_uart.o(.text.UART_WaitOnFlagUntilTimeout)
    __arm_cp.11_0                            0x08003318   Number         4  stm32c0xx_hal_uart.o(.text.UART_WaitOnFlagUntilTimeout)
    [Anonymous Symbol]                       0x0800331c   Section        0  xl2400t.o(.text.XL2400T_Init)
    __arm_cp.20_0                            0x0800361c   Number         4  xl2400t.o(.text.XL2400T_Init)
    [Anonymous Symbol]                       0x08003620   Section        0  xl2400t.o(.text.XL2400T_SPI_Init)
    [Anonymous Symbol]                       0x080036a4   Section        0  main.o(.text.main)
    __arm_cp.0_56                            0x080039c0   Number         4  main.o(.text.main)
    __arm_cp.0_58                            0x080039c8   Number         4  main.o(.text.main)
    __arm_cp.0_61                            0x080039d4   Number         4  main.o(.text.main)
    __arm_cp.0_64                            0x080039e0   Number         4  main.o(.text.main)
    __arm_cp.0_65                            0x080039e4   Number         4  main.o(.text.main)
    __arm_cp.0_67                            0x080039ec   Number         4  main.o(.text.main)
    __arm_cp.0_69                            0x080039f4   Number         4  main.o(.text.main)
    __arm_cp.0_72                            0x08003a0c   Number         4  main.o(.text.main)
    __arm_cp.0_74                            0x08003a24   Number         4  main.o(.text.main)
    __arm_cp.0_75                            0x08003a40   Number         4  main.o(.text.main)
    __arm_cp.0_76                            0x08003a44   Number         4  main.o(.text.main)
    __arm_cp.0_79                            0x08003c6c   Number         4  main.o(.text.main)
    __arm_cp.0_80                            0x08003c70   Number         4  main.o(.text.main)
    __arm_cp.0_83                            0x08003c7c   Number         4  main.o(.text.main)
    __arm_cp.0_86                            0x08003c88   Number         4  main.o(.text.main)
    __arm_cp.0_87                            0x08003c8c   Number         4  main.o(.text.main)
    __arm_cp.0_88                            0x08003c90   Number         4  main.o(.text.main)
    __arm_cp.0_89                            0x08003c94   Number         4  main.o(.text.main)
    __arm_cp.0_92                            0x08003cbc   Number         4  main.o(.text.main)
    __arm_cp.0_105                           0x080041a8   Number         4  main.o(.text.main)
    __arm_cp.0_107                           0x080041b0   Number         4  main.o(.text.main)
    __arm_cp.0_109                           0x080041b8   Number         4  main.o(.text.main)
    __arm_cp.0_111                           0x080041c0   Number         4  main.o(.text.main)
    __arm_cp.0_113                           0x080041c8   Number         4  main.o(.text.main)
    __arm_cp.0_114                           0x080041cc   Number         4  main.o(.text.main)
    __arm_cp.0_115                           0x080041d0   Number         4  main.o(.text.main)
    __arm_cp.0_116                           0x080041d4   Number         4  main.o(.text.main)
    __arm_cp.0_117                           0x080041d8   Number         4  main.o(.text.main)
    __arm_cp.0_3                             0x080044a4   Number         4  main.o(.text.main)
    __arm_cp.0_4                             0x080044a8   Number         4  main.o(.text.main)
    __arm_cp.0_7                             0x080044ac   Number         4  main.o(.text.main)
    __arm_cp.0_10                            0x080044b0   Number         4  main.o(.text.main)
    __arm_cp.0_15                            0x080044b4   Number         4  main.o(.text.main)
    __arm_cp.0_20                            0x080044b8   Number         4  main.o(.text.main)
    __arm_cp.0_22                            0x080044bc   Number         4  main.o(.text.main)
    __arm_cp.0_39                            0x080044c0   Number         4  main.o(.text.main)
    __arm_cp.0_40                            0x080044c4   Number         4  main.o(.text.main)
    __arm_cp.0_45                            0x080044d0   Number         4  main.o(.text.main)
    __arm_cp.0_46                            0x080044d4   Number         4  main.o(.text.main)
    __arm_cp.0_47                            0x080044d8   Number         4  main.o(.text.main)
    __arm_cp.0_48                            0x080044dc   Number         4  main.o(.text.main)
    __arm_cp.0_49                            0x080044e0   Number         4  main.o(.text.main)
    __arm_cp.0_50                            0x080044e4   Number         4  main.o(.text.main)
    __arm_cp.0_51                            0x080044e8   Number         4  main.o(.text.main)
    __arm_cp.0_52                            0x080044ec   Number         4  main.o(.text.main)
    __arm_cp.0_53                            0x080044f0   Number         4  main.o(.text.main)
    __arm_cp.0_54                            0x080044f4   Number         4  main.o(.text.main)
    __arm_cp.0_55                            0x080044f8   Number         4  main.o(.text.main)
    .text_divfast                            0x080044fc   Section      502  aeabi_sdivfast.o(.text_divfast)
    UARTEx_SetNbDataToProcess.numerator      0x0800476c   Data           8  stm32c0xx_hal_uart_ex.o(.rodata.cst8)
    [Anonymous Symbol]                       0x0800476c   Section        0  stm32c0xx_hal_uart_ex.o(.rodata.cst8)
    UARTEx_SetNbDataToProcess.denominator    0x08004774   Data           8  stm32c0xx_hal_uart_ex.o(.rodata.cst8)
    [Anonymous Symbol]                       0x0800477c   Section        0  main.o(.rodata.str1.1)
    g_dev_id_local                           0x20000000   Data           1  main.o(.data..L_MergedGlobals)
    [Anonymous Symbol]                       0x20000000   Section        0  main.o(.data..L_MergedGlobals)
    g_dev_id_paired                          0x20000001   Data           1  main.o(.data..L_MergedGlobals)
    main.cur_mode                            0x20000002   Data           1  main.o(.data..L_MergedGlobals)
    [Anonymous Symbol]                       0x20000004   Section        0  stm32c0xx_hal.o(.data..L_MergedGlobals)
    RF_Test_Adrress                          0x2000000c   Data           5  xl2400t.o(.data.RF_Test_Adrress)
    [Anonymous Symbol]                       0x2000000c   Section        0  xl2400t.o(.data.RF_Test_Adrress)
    .bss                                     0x20000018   Section       96  libspace.o(.bss)
    g_led_state                              0x20000078   Data           1  main.o(.bss..L_MergedGlobals.37)
    [Anonymous Symbol]                       0x20000078   Section        0  main.o(.bss..L_MergedGlobals.37)
    main.cur_bright                          0x20000079   Data           1  main.o(.bss..L_MergedGlobals.37)
    g_link_tx_seq                            0x2000007a   Data           1  main.o(.bss..L_MergedGlobals.37)
    g_led_on_tick                            0x2000007c   Data           4  main.o(.bss..L_MergedGlobals.37)
    main.last_tx_ms                          0x20000080   Data           4  main.o(.bss..L_MergedGlobals.37)
    main.last_mode_ms                        0x20000084   Data           4  main.o(.bss..L_MergedGlobals.37)
    g_link_tx_ok                             0x20000088   Data           4  main.o(.bss..L_MergedGlobals.37)
    g_link_tx_fail                           0x2000008c   Data           4  main.o(.bss..L_MergedGlobals.37)
    g_link_last_stats_tick                   0x20000090   Data           4  main.o(.bss..L_MergedGlobals.37)
    RF_TX_Buf                                0x20000094   Data           8  main.o(.bss..L_MergedGlobals.37)
    rf_tx_buf                                0x200001f8   Data           8  rf_xl2400.o(.bss.rf_tx_buf)
    [Anonymous Symbol]                       0x200001f8   Section        0  rf_xl2400.o(.bss.rf_tx_buf)
    Heap_Mem                                 0x20000208   Data         512  startup_stm32c011xx.o(HEAP)
    HEAP                                     0x20000208   Section      512  startup_stm32c011xx.o(HEAP)
    Stack_Mem                                0x20000408   Data        1024  startup_stm32c011xx.o(STACK)
    STACK                                    0x20000408   Section     1024  startup_stm32c011xx.o(STACK)
    __initial_sp                             0x20000808   Data           0  startup_stm32c011xx.o(STACK)

    Global Symbols

    Symbol Name                              Value     Ov Type        Size  Object(Section)

    BuildAttributes$$THM_ISAv3M$S$PE$A:L22$X:L11$S22$IEEE1$IW$~IW$USESV6$~STKCKD$USESV7$~SHL$OTIME$ROPI$EBA8$UX$STANDARDLIB$REQ8$PRES8$EABIv2 0x00000000   Number         0  anon$$obj.o ABSOLUTE
    __ARM_exceptions_init                     - Undefined Weak Reference
    __alloca_initialize                       - Undefined Weak Reference
    __arm_preinit_                            - Undefined Weak Reference
    __cpp_initialize__aeabi_                  - Undefined Weak Reference
    __cxa_finalize                            - Undefined Weak Reference
    __rt_locale                               - Undefined Weak Reference
    __sigvec_lookup                           - Undefined Weak Reference
    _atexit_init                              - Undefined Weak Reference
    _call_atexit_fns                          - Undefined Weak Reference
    _clock_init                               - Undefined Weak Reference
    _fp_trap_init                             - Undefined Weak Reference
    _fp_trap_shutdown                         - Undefined Weak Reference
    _get_lc_collate                           - Undefined Weak Reference
    _get_lc_ctype                             - Undefined Weak Reference
    _get_lc_monetary                          - Undefined Weak Reference
    _get_lc_numeric                           - Undefined Weak Reference
    _get_lc_time                              - Undefined Weak Reference
    _getenv_init                              - Undefined Weak Reference
    _handle_redirection                       - Undefined Weak Reference
    _init_alloc                               - Undefined Weak Reference
    _init_user_alloc                          - Undefined Weak Reference
    _initio                                   - Undefined Weak Reference
    _printf_post_padding                      - Undefined Weak Reference
    _printf_pre_padding                       - Undefined Weak Reference
    _printf_truncate_signed                   - Undefined Weak Reference
    _printf_truncate_unsigned                 - Undefined Weak Reference
    _rand_init                                - Undefined Weak Reference
    _signal_finish                            - Undefined Weak Reference
    _signal_init                              - Undefined Weak Reference
    _terminate_alloc                          - Undefined Weak Reference
    _terminate_user_alloc                     - Undefined Weak Reference
    _terminateio                              - Undefined Weak Reference
    __Vectors_Size                           0x000000c0   Number         0  startup_stm32c011xx.o ABSOLUTE
    __Vectors                                0x08000000   Data           4  startup_stm32c011xx.o(RESET)
    __Vectors_End                            0x080000c0   Data           0  startup_stm32c011xx.o(RESET)
    __main                                   0x080000c1   Thumb Code     8  __main.o(!!!main)
    __scatterload                            0x080000c9   Thumb Code     0  __scatter.o(!!!scatter)
    __scatterload_rt2                        0x080000c9   Thumb Code    52  __scatter.o(!!!scatter)
    __scatterload_rt2_thumb_only             0x080000c9   Thumb Code     0  __scatter.o(!!!scatter)
    __scatterload_null                       0x080000d9   Thumb Code     0  __scatter.o(!!!scatter)
    __scatterload_copy                       0x08000105   Thumb Code    26  __scatter_copy.o(!!handler_copy)
    __scatterload_zeroinit                   0x08000121   Thumb Code    28  __scatter_zi.o(!!handler_zi)
    _printf_percent                          0x0800013d   Thumb Code     0  _printf_percent.o(.ARM.Collect$$_printf_percent$$00000000)
    _printf_u                                0x0800013f   Thumb Code     0  _printf_u.o(.ARM.Collect$$_printf_percent$$0000000A)
    _printf_percent_end                      0x08000149   Thumb Code     0  _printf_percent_end.o(.ARM.Collect$$_printf_percent$$00000017)
    __rt_lib_init                            0x0800014d   Thumb Code     0  libinit.o(.ARM.Collect$$libinit$$00000000)
    __rt_lib_init_alloca_1                   0x0800014f   Thumb Code     0  libinit2.o(.ARM.Collect$$libinit$$0000002E)
    __rt_lib_init_argv_1                     0x0800014f   Thumb Code     0  libinit2.o(.ARM.Collect$$libinit$$0000002C)
    __rt_lib_init_atexit_1                   0x0800014f   Thumb Code     0  libinit2.o(.ARM.Collect$$libinit$$0000001B)
    __rt_lib_init_clock_1                    0x0800014f   Thumb Code     0  libinit2.o(.ARM.Collect$$libinit$$00000021)
    __rt_lib_init_cpp_1                      0x0800014f   Thumb Code     0  libinit2.o(.ARM.Collect$$libinit$$00000032)
    __rt_lib_init_exceptions_1               0x0800014f   Thumb Code     0  libinit2.o(.ARM.Collect$$libinit$$00000030)
    __rt_lib_init_fp_1                       0x0800014f   Thumb Code     0  libinit2.o(.ARM.Collect$$libinit$$00000002)
    __rt_lib_init_fp_trap_1                  0x0800014f   Thumb Code     0  libinit2.o(.ARM.Collect$$libinit$$0000001F)
    __rt_lib_init_getenv_1                   0x0800014f   Thumb Code     0  libinit2.o(.ARM.Collect$$libinit$$00000023)
    __rt_lib_init_heap_1                     0x0800014f   Thumb Code     0  libinit2.o(.ARM.Collect$$libinit$$0000000A)
    __rt_lib_init_lc_collate_1               0x0800014f   Thumb Code     0  libinit2.o(.ARM.Collect$$libinit$$00000011)
    __rt_lib_init_lc_ctype_1                 0x0800014f   Thumb Code     0  libinit2.o(.ARM.Collect$$libinit$$00000013)
    __rt_lib_init_lc_monetary_1              0x0800014f   Thumb Code     0  libinit2.o(.ARM.Collect$$libinit$$00000015)
    __rt_lib_init_lc_numeric_1               0x0800014f   Thumb Code     0  libinit2.o(.ARM.Collect$$libinit$$00000017)
    __rt_lib_init_lc_time_1                  0x0800014f   Thumb Code     0  libinit2.o(.ARM.Collect$$libinit$$00000019)
    __rt_lib_init_preinit_1                  0x0800014f   Thumb Code     0  libinit2.o(.ARM.Collect$$libinit$$00000004)
    __rt_lib_init_rand_1                     0x0800014f   Thumb Code     0  libinit2.o(.ARM.Collect$$libinit$$0000000E)
    __rt_lib_init_return                     0x0800014f   Thumb Code     0  libinit2.o(.ARM.Collect$$libinit$$00000033)
    __rt_lib_init_signal_1                   0x0800014f   Thumb Code     0  libinit2.o(.ARM.Collect$$libinit$$0000001D)
    __rt_lib_init_stdio_1                    0x0800014f   Thumb Code     0  libinit2.o(.ARM.Collect$$libinit$$00000025)
    __rt_lib_init_user_alloc_1               0x0800014f   Thumb Code     0  libinit2.o(.ARM.Collect$$libinit$$0000000C)
    __rt_lib_shutdown                        0x08000151   Thumb Code     0  libshutdown.o(.ARM.Collect$$libshutdown$$00000000)
    __rt_lib_shutdown_cpp_1                  0x08000153   Thumb Code     0  libshutdown2.o(.ARM.Collect$$libshutdown$$00000002)
    __rt_lib_shutdown_fp_trap_1              0x08000153   Thumb Code     0  libshutdown2.o(.ARM.Collect$$libshutdown$$00000007)
    __rt_lib_shutdown_heap_1                 0x08000153   Thumb Code     0  libshutdown2.o(.ARM.Collect$$libshutdown$$0000000F)
    __rt_lib_shutdown_return                 0x08000153   Thumb Code     0  libshutdown2.o(.ARM.Collect$$libshutdown$$00000010)
    __rt_lib_shutdown_signal_1               0x08000153   Thumb Code     0  libshutdown2.o(.ARM.Collect$$libshutdown$$0000000A)
    __rt_lib_shutdown_stdio_1                0x08000153   Thumb Code     0  libshutdown2.o(.ARM.Collect$$libshutdown$$00000004)
    __rt_lib_shutdown_user_alloc_1           0x08000153   Thumb Code     0  libshutdown2.o(.ARM.Collect$$libshutdown$$0000000C)
    __rt_entry                               0x08000155   Thumb Code     0  __rtentry.o(.ARM.Collect$$rtentry$$00000000)
    __rt_entry_presh_1                       0x08000155   Thumb Code     0  __rtentry2.o(.ARM.Collect$$rtentry$$00000002)
    __rt_entry_sh                            0x08000155   Thumb Code     0  __rtentry4.o(.ARM.Collect$$rtentry$$00000004)
    __rt_entry_li                            0x0800015b   Thumb Code     0  __rtentry2.o(.ARM.Collect$$rtentry$$0000000A)
    __rt_entry_postsh_1                      0x0800015b   Thumb Code     0  __rtentry2.o(.ARM.Collect$$rtentry$$00000009)
    __rt_entry_main                          0x0800015f   Thumb Code     0  __rtentry2.o(.ARM.Collect$$rtentry$$0000000D)
    __rt_entry_postli_1                      0x0800015f   Thumb Code     0  __rtentry2.o(.ARM.Collect$$rtentry$$0000000C)
    __rt_exit                                0x08000167   Thumb Code     0  rtexit.o(.ARM.Collect$$rtexit$$00000000)
    __rt_exit_ls                             0x08000169   Thumb Code     0  rtexit2.o(.ARM.Collect$$rtexit$$00000003)
    __rt_exit_prels_1                        0x08000169   Thumb Code     0  rtexit2.o(.ARM.Collect$$rtexit$$00000002)
    __rt_exit_exit                           0x0800016d   Thumb Code     0  rtexit2.o(.ARM.Collect$$rtexit$$00000004)
    Reset_Handler                            0x08000175   Thumb Code     8  startup_stm32c011xx.o(.text)
    ADC1_IRQHandler                          0x08000187   Thumb Code     0  startup_stm32c011xx.o(.text)
    DMA1_Channel1_IRQHandler                 0x08000187   Thumb Code     0  startup_stm32c011xx.o(.text)
    DMA1_Channel2_3_IRQHandler               0x08000187   Thumb Code     0  startup_stm32c011xx.o(.text)
    DMAMUX1_IRQHandler                       0x08000187   Thumb Code     0  startup_stm32c011xx.o(.text)
    EXTI0_1_IRQHandler                       0x08000187   Thumb Code     0  startup_stm32c011xx.o(.text)
    EXTI2_3_IRQHandler                       0x08000187   Thumb Code     0  startup_stm32c011xx.o(.text)
    EXTI4_15_IRQHandler                      0x08000187   Thumb Code     0  startup_stm32c011xx.o(.text)
    FLASH_IRQHandler                         0x08000187   Thumb Code     0  startup_stm32c011xx.o(.text)
    I2C1_IRQHandler                          0x08000187   Thumb Code     0  startup_stm32c011xx.o(.text)
    RCC_IRQHandler                           0x08000187   Thumb Code     0  startup_stm32c011xx.o(.text)
    RTC_IRQHandler                           0x08000187   Thumb Code     0  startup_stm32c011xx.o(.text)
    SPI1_IRQHandler                          0x08000187   Thumb Code     0  startup_stm32c011xx.o(.text)
    TIM14_IRQHandler                         0x08000187   Thumb Code     0  startup_stm32c011xx.o(.text)
    TIM16_IRQHandler                         0x08000187   Thumb Code     0  startup_stm32c011xx.o(.text)
    TIM17_IRQHandler                         0x08000187   Thumb Code     0  startup_stm32c011xx.o(.text)
    TIM1_BRK_UP_TRG_COM_IRQHandler           0x08000187   Thumb Code     0  startup_stm32c011xx.o(.text)
    TIM1_CC_IRQHandler                       0x08000187   Thumb Code     0  startup_stm32c011xx.o(.text)
    TIM3_IRQHandler                          0x08000187   Thumb Code     0  startup_stm32c011xx.o(.text)
    USART1_IRQHandler                        0x08000187   Thumb Code     0  startup_stm32c011xx.o(.text)
    USART2_IRQHandler                        0x08000187   Thumb Code     0  startup_stm32c011xx.o(.text)
    WWDG_IRQHandler                          0x08000187   Thumb Code     0  startup_stm32c011xx.o(.text)
    __user_initial_stackheap                 0x08000189   Thumb Code     0  startup_stm32c011xx.o(.text)
    __2sprintf                               0x080001ad   Thumb Code    36  noretval__2sprintf.o(.text)
    __printf                                 0x080001d5   Thumb Code   108  __printf.o(.text)
    _printf_int_dec                          0x08000241   Thumb Code    90  _printf_dec.o(.text)
    strlen                                   0x080002ad   Thumb Code    62  strlen.o(.text)
    _memset_w                                0x080002f1   Thumb Code    26  rt_memclr.o(.text)
    _memset                                  0x0800030b   Thumb Code    30  rt_memclr.o(.text)
    __aeabi_memclr                           0x08000329   Thumb Code     4  rt_memclr.o(.text)
    __rt_memclr                              0x08000329   Thumb Code     0  rt_memclr.o(.text)
    __aeabi_memclr4                          0x0800032d   Thumb Code     0  rt_memclr.o(.text)
    __aeabi_memclr8                          0x0800032d   Thumb Code     0  rt_memclr.o(.text)
    __rt_memclr_w                            0x0800032d   Thumb Code     4  rt_memclr.o(.text)
    __use_two_region_memory                  0x08000331   Thumb Code     2  heapauxi.o(.text)
    __rt_heap_escrow$2region                 0x08000333   Thumb Code     2  heapauxi.o(.text)
    __rt_heap_expand$2region                 0x08000335   Thumb Code     2  heapauxi.o(.text)
    _printf_int_common                       0x08000337   Thumb Code   176  _printf_intcommon.o(.text)
    _printf_char_common                      0x080003f3   Thumb Code    32  _printf_char_common.o(.text)
    _sputc                                   0x08000419   Thumb Code    10  _sputc.o(.text)
    __rt_udiv10                              0x08000423   Thumb Code    40  rtudiv10.o(.text)
    __user_setup_stackheap                   0x0800044b   Thumb Code    62  sys_stackheap_outer.o(.text)
    exit                                     0x08000489   Thumb Code    16  exit.o(.text)
    __user_libspace                          0x08000499   Thumb Code     8  libspace.o(.text)
    __user_perproc_libspace                  0x08000499   Thumb Code     0  libspace.o(.text)
    __user_perthread_libspace                0x08000499   Thumb Code     0  libspace.o(.text)
    _sys_exit                                0x080004a1   Thumb Code     8  sys_exit.o(.text)
    __I$use$semihosting                      0x080004ad   Thumb Code     0  use_no_semi.o(.text)
    __use_no_semihosting_swi                 0x080004ad   Thumb Code     2  use_no_semi.o(.text)
    __semihosting_library_function           0x080004af   Thumb Code     0  indicate_semi.o(.text)
    ADC_Enable                               0x080004b1   Thumb Code   176  stm32c0xx_hal_adc.o(.text.ADC_Enable)
    Error_Handler                            0x08000565   Thumb Code     4  main.o(.text.Error_Handler)
    FLASH_WaitForLastOperation               0x08000569   Thumb Code    76  stm32c0xx_hal_flash.o(.text.FLASH_WaitForLastOperation)
    HAL_ADC_ConfigChannel                    0x080005c1   Thumb Code   648  stm32c0xx_hal_adc.o(.text.HAL_ADC_ConfigChannel)
    HAL_ADC_DeInit                           0x08000869   Thumb Code   296  stm32c0xx_hal_adc.o(.text.HAL_ADC_DeInit)
    HAL_ADC_GetValue                         0x080009a9   Thumb Code     6  stm32c0xx_hal_adc.o(.text.HAL_ADC_GetValue)
    HAL_ADC_Init                             0x080009b1   Thumb Code   580  stm32c0xx_hal_adc.o(.text.HAL_ADC_Init)
    HAL_ADC_MspDeInit                        0x08000c0d   Thumb Code    36  stm32c0xx_hal_msp.o(.text.HAL_ADC_MspDeInit)
    HAL_ADC_MspInit                          0x08000c35   Thumb Code   116  stm32c0xx_hal_msp.o(.text.HAL_ADC_MspInit)
    HAL_ADC_PollForConversion                0x08000cb1   Thumb Code   208  stm32c0xx_hal_adc.o(.text.HAL_ADC_PollForConversion)
    HAL_ADC_Start                            0x08000d81   Thumb Code    84  stm32c0xx_hal_adc.o(.text.HAL_ADC_Start)
    HAL_ADC_Stop                             0x08000dd9   Thumb Code   200  stm32c0xx_hal_adc.o(.text.HAL_ADC_Stop)
    HAL_Delay                                0x08000ea5   Thumb Code    32  stm32c0xx_hal.o(.text.HAL_Delay)
    HAL_FLASHEx_Erase                        0x08000ec9   Thumb Code   172  stm32c0xx_hal_flash_ex.o(.text.HAL_FLASHEx_Erase)
    HAL_FLASH_Lock                           0x08000f7d   Thumb Code    20  stm32c0xx_hal_flash.o(.text.HAL_FLASH_Lock)
    HAL_FLASH_Program                        0x08000f95   Thumb Code   292  stm32c0xx_hal_flash.o(.text.HAL_FLASH_Program)
    HAL_FLASH_Unlock                         0x080010c5   Thumb Code    28  stm32c0xx_hal_flash.o(.text.HAL_FLASH_Unlock)
    HAL_GPIO_DeInit                          0x080010ed   Thumb Code   448  stm32c0xx_hal_gpio.o(.text.HAL_GPIO_DeInit)
    HAL_GPIO_Init                            0x080012ad   Thumb Code   432  stm32c0xx_hal_gpio.o(.text.HAL_GPIO_Init)
    HAL_GPIO_ReadPin                         0x08001475   Thumb Code    10  stm32c0xx_hal_gpio.o(.text.HAL_GPIO_ReadPin)
    HAL_GPIO_WritePin                        0x0800147f   Thumb Code    16  stm32c0xx_hal_gpio.o(.text.HAL_GPIO_WritePin)
    HAL_GetTick                              0x08001491   Thumb Code     8  stm32c0xx_hal.o(.text.HAL_GetTick)
    HAL_IncTick                              0x08001499   Thumb Code    16  stm32c0xx_hal.o(.text.HAL_IncTick)
    HAL_Init                                 0x080014ad   Thumb Code    24  stm32c0xx_hal.o(.text.HAL_Init)
    HAL_InitTick                             0x080014c5   Thumb Code    64  stm32c0xx_hal.o(.text.HAL_InitTick)
    HAL_MspInit                              0x08001509   Thumb Code    56  stm32c0xx_hal_msp.o(.text.HAL_MspInit)
    HAL_NVIC_SetPriority                     0x08001545   Thumb Code    56  stm32c0xx_hal_cortex.o(.text.HAL_NVIC_SetPriority)
    HAL_RCCEx_PeriphCLKConfig                0x08001585   Thumb Code   296  stm32c0xx_hal_rcc_ex.o(.text.HAL_RCCEx_PeriphCLKConfig)
    HAL_RCC_ClockConfig                      0x080016b5   Thumb Code   408  stm32c0xx_hal_rcc.o(.text.HAL_RCC_ClockConfig)
    HAL_RCC_GetPCLK1Freq                     0x08001859   Thumb Code   112  stm32c0xx_hal_rcc.o(.text.HAL_RCC_GetPCLK1Freq)
    HAL_RCC_GetSysClockFreq                  0x080018d1   Thumb Code    72  stm32c0xx_hal_rcc.o(.text.HAL_RCC_GetSysClockFreq)
    HAL_RCC_OscConfig                        0x08001921   Thumb Code   608  stm32c0xx_hal_rcc.o(.text.HAL_RCC_OscConfig)
    HAL_SYSCFG_EnableRemap                   0x08001b95   Thumb Code    12  stm32c0xx_hal.o(.text.HAL_SYSCFG_EnableRemap)
    HAL_SYSTICK_Config                       0x08001ba5   Thumb Code    40  stm32c0xx_hal_cortex.o(.text.HAL_SYSTICK_Config)
    HAL_TIMEx_ConfigBreakDeadTime            0x08001bd9   Thumb Code   156  stm32c0xx_hal_tim_ex.o(.text.HAL_TIMEx_ConfigBreakDeadTime)
    HAL_TIMEx_MasterConfigSynchronization    0x08001c95   Thumb Code    88  stm32c0xx_hal_tim_ex.o(.text.HAL_TIMEx_MasterConfigSynchronization)
    HAL_TIM_MspPostInit                      0x08001cf1   Thumb Code    64  stm32c0xx_hal_msp.o(.text.HAL_TIM_MspPostInit)
    HAL_TIM_PWM_ConfigChannel                0x08001d39   Thumb Code   844  stm32c0xx_hal_tim.o(.text.HAL_TIM_PWM_ConfigChannel)
    HAL_TIM_PWM_Init                         0x08002099   Thumb Code   196  stm32c0xx_hal_tim.o(.text.HAL_TIM_PWM_Init)
    HAL_TIM_PWM_MspInit                      0x08002171   Thumb Code    40  stm32c0xx_hal_msp.o(.text.HAL_TIM_PWM_MspInit)
    HAL_TIM_PWM_Start                        0x080021a1   Thumb Code   252  stm32c0xx_hal_tim.o(.text.HAL_TIM_PWM_Start)
    HAL_UARTEx_DisableFifoMode               0x080022b5   Thumb Code    54  stm32c0xx_hal_uart_ex.o(.text.HAL_UARTEx_DisableFifoMode)
    HAL_UARTEx_SetRxFifoThreshold            0x080022ed   Thumb Code   120  stm32c0xx_hal_uart_ex.o(.text.HAL_UARTEx_SetRxFifoThreshold)
    HAL_UARTEx_SetTxFifoThreshold            0x08002365   Thumb Code   120  stm32c0xx_hal_uart_ex.o(.text.HAL_UARTEx_SetTxFifoThreshold)
    HAL_UART_Init                            0x080023e5   Thumb Code   108  stm32c0xx_hal_uart.o(.text.HAL_UART_Init)
    HAL_UART_MspInit                         0x08002451   Thumb Code   124  stm32c0xx_hal_msp.o(.text.HAL_UART_MspInit)
    HAL_UART_Transmit                        0x080024d5   Thumb Code   396  stm32c0xx_hal_uart.o(.text.HAL_UART_Transmit)
    HardFault_Handler                        0x08002665   Thumb Code     2  stm32c0xx_it.o(.text.HardFault_Handler)
    NMI_Handler                              0x08002667   Thumb Code     2  stm32c0xx_it.o(.text.NMI_Handler)
    PendSV_Handler                           0x08002669   Thumb Code     2  stm32c0xx_it.o(.text.PendSV_Handler)
    RF_Link_ConfigTx                         0x0800266b   Thumb Code    16  rf_xl2400.o(.text.RF_Link_ConfigTx)
    RF_Link_Init                             0x0800267b   Thumb Code    12  rf_xl2400.o(.text.RF_Link_Init)
    RF_Link_Send                             0x08002689   Thumb Code   144  rf_xl2400.o(.text.RF_Link_Send)
    RF_Refresh_State                         0x0800271d   Thumb Code   118  xl2400t.o(.text.RF_Refresh_State)
    RF_Set_Address                           0x08002a8d   Thumb Code   132  xl2400t.o(.text.RF_Set_Address)
    RF_Set_Chn                               0x08002b11   Thumb Code   196  xl2400t.o(.text.RF_Set_Chn)
    RF_TX_Data                               0x08002bd5   Thumb Code   296  xl2400t.o(.text.RF_TX_Data)
    RF_Tx_Mode                               0x08002cfd   Thumb Code    96  xl2400t.o(.text.RF_Tx_Mode)
    SVC_Handler                              0x08002e51   Thumb Code     2  stm32c0xx_it.o(.text.SVC_Handler)
    SysTick_Handler                          0x08002e53   Thumb Code     8  stm32c0xx_it.o(.text.SysTick_Handler)
    SystemInit                               0x08002e5d   Thumb Code    12  system_stm32c0xx.o(.text.SystemInit)
    UART_AdvFeatureConfig                    0x08002e6d   Thumb Code   210  stm32c0xx_hal_uart.o(.text.UART_AdvFeatureConfig)
    UART_CheckIdleState                      0x08002f41   Thumb Code   196  stm32c0xx_hal_uart.o(.text.UART_CheckIdleState)
    UART_SetConfig                           0x08003009   Thumb Code   348  stm32c0xx_hal_uart.o(.text.UART_SetConfig)
    UART_WaitOnFlagUntilTimeout              0x08003199   Thumb Code   384  stm32c0xx_hal_uart.o(.text.UART_WaitOnFlagUntilTimeout)
    XL2400T_Init                             0x0800331d   Thumb Code   768  xl2400t.o(.text.XL2400T_Init)
    XL2400T_SPI_Init                         0x08003621   Thumb Code   132  xl2400t.o(.text.XL2400T_SPI_Init)
    main                                     0x080036a5   Thumb Code  3584  main.o(.text.main)
    __aeabi_uidiv                            0x080044fd   Thumb Code    68  aeabi_sdivfast.o(.text_divfast)
    __aeabi_idiv                             0x08004541   Thumb Code   434  aeabi_sdivfast.o(.text_divfast)
    AHBPrescTable                            0x080046f4   Data          64  system_stm32c0xx.o(.rodata.AHBPrescTable)
    APBPrescTable                            0x08004734   Data          32  system_stm32c0xx.o(.rodata.APBPrescTable)
    UARTPrescTable                           0x08004754   Data          24  stm32c0xx_hal_uart.o(.rodata.UARTPrescTable)
    Region$$Table$$Base                      0x080048fc   Number         0  anon$$obj.o(Region$$Table)
    Region$$Table$$Limit                     0x0800491c   Number         0  anon$$obj.o(Region$$Table)
    uwTickFreq                               0x20000004   Data           1  stm32c0xx_hal.o(.data..L_MergedGlobals)
    uwTickPrio                               0x20000008   Data           4  stm32c0xx_hal.o(.data..L_MergedGlobals)
    SystemCoreClock                          0x20000014   Data           4  system_stm32c0xx.o(.data.SystemCoreClock)
    __libspace_start                         0x20000018   Data          96  libspace.o(.bss)
    __temporary_stack_top$libspace           0x20000078   Data           0  libspace.o(.bss)
    htim1                                    0x2000009c   Data          76  main.o(.bss..L_MergedGlobals.37)
    hadc1                                    0x200000e8   Data         100  main.o(.bss.hadc1)
    huart1                                   0x2000014c   Data         148  main.o(.bss.huart1)
    pFlash                                   0x200001e0   Data          24  stm32c0xx_hal_flash.o(.bss.pFlash)
    uwTick                                   0x20000200   Data           4  stm32c0xx_hal.o(.bss.uwTick)



==============================================================================

Memory Map of the image

  Image Entry point : 0x080000c1

  Load Region LR_IROM1 (Base: 0x08000000, Size: 0x00004938, Max: 0x00008000, ABSOLUTE)

    Execution Region ER_IROM1 (Exec base: 0x08000000, Load base: 0x08000000, Size: 0x0000491c, Max: 0x00008000, ABSOLUTE)

    Exec Addr    Load Addr    Size         Type   Attr      Idx    E Section Name        Object

    0x08000000   0x08000000   0x000000c0   Data   RO            3    RESET               startup_stm32c011xx.o
    0x080000c0   0x080000c0   0x00000008   Code   RO         1209  * !!!main             c_p.l(__main.o)
    0x080000c8   0x080000c8   0x0000003c   Code   RO         1395    !!!scatter          c_p.l(__scatter.o)
    0x08000104   0x08000104   0x0000001a   Code   RO         1397    !!handler_copy      c_p.l(__scatter_copy.o)
    0x0800011e   0x0800011e   0x00000002   PAD
    0x08000120   0x08000120   0x0000001c   Code   RO         1399    !!handler_zi        c_p.l(__scatter_zi.o)
    0x0800013c   0x0800013c   0x00000002   Code   RO         1194    .ARM.Collect$$_printf_percent$$00000000  c_p.l(_printf_percent.o)
    0x0800013e   0x0800013e   0x0000000a   Code   RO         1193    .ARM.Collect$$_printf_percent$$0000000A  c_p.l(_printf_u.o)
    0x08000148   0x08000148   0x00000004   Code   RO         1222    .ARM.Collect$$_printf_percent$$00000017  c_p.l(_printf_percent_end.o)
    0x0800014c   0x0800014c   0x00000002   Code   RO         1258    .ARM.Collect$$libinit$$00000000  c_p.l(libinit.o)
    0x0800014e   0x0800014e   0x00000000   Code   RO         1272    .ARM.Collect$$libinit$$00000002  c_p.l(libinit2.o)
    0x0800014e   0x0800014e   0x00000000   Code   RO         1274    .ARM.Collect$$libinit$$00000004  c_p.l(libinit2.o)
    0x0800014e   0x0800014e   0x00000000   Code   RO         1277    .ARM.Collect$$libinit$$0000000A  c_p.l(libinit2.o)
    0x0800014e   0x0800014e   0x00000000   Code   RO         1279    .ARM.Collect$$libinit$$0000000C  c_p.l(libinit2.o)
    0x0800014e   0x0800014e   0x00000000   Code   RO         1281    .ARM.Collect$$libinit$$0000000E  c_p.l(libinit2.o)
    0x0800014e   0x0800014e   0x00000000   Code   RO         1284    .ARM.Collect$$libinit$$00000011  c_p.l(libinit2.o)
    0x0800014e   0x0800014e   0x00000000   Code   RO         1286    .ARM.Collect$$libinit$$00000013  c_p.l(libinit2.o)
    0x0800014e   0x0800014e   0x00000000   Code   RO         1288    .ARM.Collect$$libinit$$00000015  c_p.l(libinit2.o)
    0x0800014e   0x0800014e   0x00000000   Code   RO         1290    .ARM.Collect$$libinit$$00000017  c_p.l(libinit2.o)
    0x0800014e   0x0800014e   0x00000000   Code   RO         1292    .ARM.Collect$$libinit$$00000019  c_p.l(libinit2.o)
    0x0800014e   0x0800014e   0x00000000   Code   RO         1294    .ARM.Collect$$libinit$$0000001B  c_p.l(libinit2.o)
    0x0800014e   0x0800014e   0x00000000   Code   RO         1296    .ARM.Collect$$libinit$$0000001D  c_p.l(libinit2.o)
    0x0800014e   0x0800014e   0x00000000   Code   RO         1298    .ARM.Collect$$libinit$$0000001F  c_p.l(libinit2.o)
    0x0800014e   0x0800014e   0x00000000   Code   RO         1300    .ARM.Collect$$libinit$$00000021  c_p.l(libinit2.o)
    0x0800014e   0x0800014e   0x00000000   Code   RO         1302    .ARM.Collect$$libinit$$00000023  c_p.l(libinit2.o)
    0x0800014e   0x0800014e   0x00000000   Code   RO         1304    .ARM.Collect$$libinit$$00000025  c_p.l(libinit2.o)
    0x0800014e   0x0800014e   0x00000000   Code   RO         1308    .ARM.Collect$$libinit$$0000002C  c_p.l(libinit2.o)
    0x0800014e   0x0800014e   0x00000000   Code   RO         1310    .ARM.Collect$$libinit$$0000002E  c_p.l(libinit2.o)
    0x0800014e   0x0800014e   0x00000000   Code   RO         1312    .ARM.Collect$$libinit$$00000030  c_p.l(libinit2.o)
    0x0800014e   0x0800014e   0x00000000   Code   RO         1314    .ARM.Collect$$libinit$$00000032  c_p.l(libinit2.o)
    0x0800014e   0x0800014e   0x00000002   Code   RO         1315    .ARM.Collect$$libinit$$00000033  c_p.l(libinit2.o)
    0x08000150   0x08000150   0x00000002   Code   RO         1350    .ARM.Collect$$libshutdown$$00000000  c_p.l(libshutdown.o)
    0x08000152   0x08000152   0x00000000   Code   RO         1378    .ARM.Collect$$libshutdown$$00000002  c_p.l(libshutdown2.o)
    0x08000152   0x08000152   0x00000000   Code   RO         1380    .ARM.Collect$$libshutdown$$00000004  c_p.l(libshutdown2.o)
    0x08000152   0x08000152   0x00000000   Code   RO         1383    .ARM.Collect$$libshutdown$$00000007  c_p.l(libshutdown2.o)
    0x08000152   0x08000152   0x00000000   Code   RO         1386    .ARM.Collect$$libshutdown$$0000000A  c_p.l(libshutdown2.o)
    0x08000152   0x08000152   0x00000000   Code   RO         1388    .ARM.Collect$$libshutdown$$0000000C  c_p.l(libshutdown2.o)
    0x08000152   0x08000152   0x00000000   Code   RO         1391    .ARM.Collect$$libshutdown$$0000000F  c_p.l(libshutdown2.o)
    0x08000152   0x08000152   0x00000002   Code   RO         1392    .ARM.Collect$$libshutdown$$00000010  c_p.l(libshutdown2.o)
    0x08000154   0x08000154   0x00000000   Code   RO         1211    .ARM.Collect$$rtentry$$00000000  c_p.l(__rtentry.o)
    0x08000154   0x08000154   0x00000000   Code   RO         1226    .ARM.Collect$$rtentry$$00000002  c_p.l(__rtentry2.o)
    0x08000154   0x08000154   0x00000006   Code   RO         1238    .ARM.Collect$$rtentry$$00000004  c_p.l(__rtentry4.o)
    0x0800015a   0x0800015a   0x00000000   Code   RO         1228    .ARM.Collect$$rtentry$$00000009  c_p.l(__rtentry2.o)
    0x0800015a   0x0800015a   0x00000004   Code   RO         1229    .ARM.Collect$$rtentry$$0000000A  c_p.l(__rtentry2.o)
    0x0800015e   0x0800015e   0x00000000   Code   RO         1231    .ARM.Collect$$rtentry$$0000000C  c_p.l(__rtentry2.o)
    0x0800015e   0x0800015e   0x00000008   Code   RO         1232    .ARM.Collect$$rtentry$$0000000D  c_p.l(__rtentry2.o)
    0x08000166   0x08000166   0x00000002   Code   RO         1263    .ARM.Collect$$rtexit$$00000000  c_p.l(rtexit.o)
    0x08000168   0x08000168   0x00000000   Code   RO         1321    .ARM.Collect$$rtexit$$00000002  c_p.l(rtexit2.o)
    0x08000168   0x08000168   0x00000004   Code   RO         1322    .ARM.Collect$$rtexit$$00000003  c_p.l(rtexit2.o)
    0x0800016c   0x0800016c   0x00000006   Code   RO         1323    .ARM.Collect$$rtexit$$00000004  c_p.l(rtexit2.o)
    0x08000172   0x08000172   0x00000002   PAD
    0x08000174   0x08000174   0x00000038   Code   RO            4    .text               startup_stm32c011xx.o
    0x080001ac   0x080001ac   0x00000028   Code   RO         1167    .text               c_p.l(noretval__2sprintf.o)
    0x080001d4   0x080001d4   0x0000006c   Code   RO         1169    .text               c_p.l(__printf.o)
    0x08000240   0x08000240   0x0000006c   Code   RO         1171    .text               c_p.l(_printf_dec.o)
    0x080002ac   0x080002ac   0x00000044   Code   RO         1195    .text               c_p.l(strlen.o)
    0x080002f0   0x080002f0   0x00000040   Code   RO         1197    .text               c_p.l(rt_memclr.o)
    0x08000330   0x08000330   0x00000006   Code   RO         1207    .text               c_p.l(heapauxi.o)
    0x08000336   0x08000336   0x000000b0   Code   RO         1216    .text               c_p.l(_printf_intcommon.o)
    0x080003e6   0x080003e6   0x00000002   PAD
    0x080003e8   0x080003e8   0x00000030   Code   RO         1218    .text               c_p.l(_printf_char_common.o)
    0x08000418   0x08000418   0x0000000a   Code   RO         1220    .text               c_p.l(_sputc.o)
    0x08000422   0x08000422   0x00000028   Code   RO         1223    .text               c_p.l(rtudiv10.o)
    0x0800044a   0x0800044a   0x0000003e   Code   RO         1244    .text               c_p.l(sys_stackheap_outer.o)
    0x08000488   0x08000488   0x00000010   Code   RO         1247    .text               c_p.l(exit.o)
    0x08000498   0x08000498   0x00000008   Code   RO         1259    .text               c_p.l(libspace.o)
    0x080004a0   0x080004a0   0x0000000c   Code   RO         1316    .text               c_p.l(sys_exit.o)
    0x080004ac   0x080004ac   0x00000002   Code   RO         1339    .text               c_p.l(use_no_semi.o)
    0x080004ae   0x080004ae   0x00000000   Code   RO         1341    .text               c_p.l(indicate_semi.o)
    0x080004ae   0x080004ae   0x00000002   PAD
    0x080004b0   0x080004b0   0x000000b4   Code   RO          229    .text.ADC_Enable    stm32c0xx_hal_adc.o
    0x08000564   0x08000564   0x00000004   Code   RO           94    .text.Error_Handler  main.o
    0x08000568   0x08000568   0x00000058   Code   RO          415    .text.FLASH_WaitForLastOperation  stm32c0xx_hal_flash.o
    0x080005c0   0x080005c0   0x000002a8   Code   RO          267    .text.HAL_ADC_ConfigChannel  stm32c0xx_hal_adc.o
    0x08000868   0x08000868   0x00000140   Code   RO          219    .text.HAL_ADC_DeInit  stm32c0xx_hal_adc.o
    0x080009a8   0x080009a8   0x00000006   Code   RO          251    .text.HAL_ADC_GetValue  stm32c0xx_hal_adc.o
    0x080009ae   0x080009ae   0x00000002   PAD
    0x080009b0   0x080009b0   0x0000025c   Code   RO          215    .text.HAL_ADC_Init  stm32c0xx_hal_adc.o
    0x08000c0c   0x08000c0c   0x00000028   Code   RO          131    .text.HAL_ADC_MspDeInit  stm32c0xx_hal_msp.o
    0x08000c34   0x08000c34   0x0000007c   Code   RO          129    .text.HAL_ADC_MspInit  stm32c0xx_hal_msp.o
    0x08000cb0   0x08000cb0   0x000000d0   Code   RO          233    .text.HAL_ADC_PollForConversion  stm32c0xx_hal_adc.o
    0x08000d80   0x08000d80   0x00000058   Code   RO          227    .text.HAL_ADC_Start  stm32c0xx_hal_adc.o
    0x08000dd8   0x08000dd8   0x000000cc   Code   RO          231    .text.HAL_ADC_Stop  stm32c0xx_hal_adc.o
    0x08000ea4   0x08000ea4   0x00000024   Code   RO          171    .text.HAL_Delay     stm32c0xx_hal.o
    0x08000ec8   0x08000ec8   0x000000b4   Code   RO          446    .text.HAL_FLASHEx_Erase  stm32c0xx_hal_flash_ex.o
    0x08000f7c   0x08000f7c   0x00000018   Code   RO          427    .text.HAL_FLASH_Lock  stm32c0xx_hal_flash.o
    0x08000f94   0x08000f94   0x00000130   Code   RO          413    .text.HAL_FLASH_Program  stm32c0xx_hal_flash.o
    0x080010c4   0x080010c4   0x00000028   Code   RO          425    .text.HAL_FLASH_Unlock  stm32c0xx_hal_flash.o
    0x080010ec   0x080010ec   0x000001c0   Code   RO          478    .text.HAL_GPIO_DeInit  stm32c0xx_hal_gpio.o
    0x080012ac   0x080012ac   0x000001c8   Code   RO          476    .text.HAL_GPIO_Init  stm32c0xx_hal_gpio.o
    0x08001474   0x08001474   0x0000000a   Code   RO          480    .text.HAL_GPIO_ReadPin  stm32c0xx_hal_gpio.o
    0x0800147e   0x0800147e   0x00000010   Code   RO          482    .text.HAL_GPIO_WritePin  stm32c0xx_hal_gpio.o
    0x0800148e   0x0800148e   0x00000002   PAD
    0x08001490   0x08001490   0x00000008   Code   RO          163    .text.HAL_GetTick   stm32c0xx_hal.o
    0x08001498   0x08001498   0x00000014   Code   RO          161    .text.HAL_IncTick   stm32c0xx_hal.o
    0x080014ac   0x080014ac   0x00000018   Code   RO          151    .text.HAL_Init      stm32c0xx_hal.o
    0x080014c4   0x080014c4   0x00000044   Code   RO          153    .text.HAL_InitTick  stm32c0xx_hal.o
    0x08001508   0x08001508   0x0000003c   Code   RO          127    .text.HAL_MspInit   stm32c0xx_hal_msp.o
    0x08001544   0x08001544   0x00000040   Code   RO          566    .text.HAL_NVIC_SetPriority  stm32c0xx_hal_cortex.o
    0x08001584   0x08001584   0x00000130   Code   RO          395    .text.HAL_RCCEx_PeriphCLKConfig  stm32c0xx_hal_rcc_ex.o
    0x080016b4   0x080016b4   0x000001a4   Code   RO          361    .text.HAL_RCC_ClockConfig  stm32c0xx_hal_rcc.o
    0x08001858   0x08001858   0x00000078   Code   RO          369    .text.HAL_RCC_GetPCLK1Freq  stm32c0xx_hal_rcc.o
    0x080018d0   0x080018d0   0x00000050   Code   RO          363    .text.HAL_RCC_GetSysClockFreq  stm32c0xx_hal_rcc.o
    0x08001920   0x08001920   0x00000274   Code   RO          359    .text.HAL_RCC_OscConfig  stm32c0xx_hal_rcc.o
    0x08001b94   0x08001b94   0x00000010   Code   RO          197    .text.HAL_SYSCFG_EnableRemap  stm32c0xx_hal.o
    0x08001ba4   0x08001ba4   0x00000034   Code   RO          574    .text.HAL_SYSTICK_Config  stm32c0xx_hal_cortex.o
    0x08001bd8   0x08001bd8   0x000000bc   Code   RO          931    .text.HAL_TIMEx_ConfigBreakDeadTime  stm32c0xx_hal_tim_ex.o
    0x08001c94   0x08001c94   0x0000005c   Code   RO          929    .text.HAL_TIMEx_MasterConfigSynchronization  stm32c0xx_hal_tim_ex.o
    0x08001cf0   0x08001cf0   0x00000048   Code   RO          135    .text.HAL_TIM_MspPostInit  stm32c0xx_hal_msp.o
    0x08001d38   0x08001d38   0x00000360   Code   RO          788    .text.HAL_TIM_PWM_ConfigChannel  stm32c0xx_hal_tim.o
    0x08002098   0x08002098   0x000000d8   Code   RO          688    .text.HAL_TIM_PWM_Init  stm32c0xx_hal_tim.o
    0x08002170   0x08002170   0x00000030   Code   RO          133    .text.HAL_TIM_PWM_MspInit  stm32c0xx_hal_msp.o
    0x080021a0   0x080021a0   0x00000114   Code   RO          696    .text.HAL_TIM_PWM_Start  stm32c0xx_hal_tim.o
    0x080022b4   0x080022b4   0x00000036   Code   RO         1126    .text.HAL_UARTEx_DisableFifoMode  stm32c0xx_hal_uart_ex.o
    0x080022ea   0x080022ea   0x00000002   PAD
    0x080022ec   0x080022ec   0x00000078   Code   RO         1130    .text.HAL_UARTEx_SetRxFifoThreshold  stm32c0xx_hal_uart_ex.o
    0x08002364   0x08002364   0x00000080   Code   RO         1128    .text.HAL_UARTEx_SetTxFifoThreshold  stm32c0xx_hal_uart_ex.o
    0x080023e4   0x080023e4   0x0000006c   Code   RO          965    .text.HAL_UART_Init  stm32c0xx_hal_uart.o
    0x08002450   0x08002450   0x00000084   Code   RO          139    .text.HAL_UART_MspInit  stm32c0xx_hal_msp.o
    0x080024d4   0x080024d4   0x00000190   Code   RO          985    .text.HAL_UART_Transmit  stm32c0xx_hal_uart.o
    0x08002664   0x08002664   0x00000002   Code   RO          112    .text.HardFault_Handler  stm32c0xx_it.o
    0x08002666   0x08002666   0x00000002   Code   RO          110    .text.NMI_Handler   stm32c0xx_it.o
    0x08002668   0x08002668   0x00000002   Code   RO          116    .text.PendSV_Handler  stm32c0xx_it.o
    0x0800266a   0x0800266a   0x00000010   Code   RO           68    .text.RF_Link_ConfigTx  rf_xl2400.o
    0x0800267a   0x0800267a   0x0000000c   Code   RO           66    .text.RF_Link_Init  rf_xl2400.o
    0x08002686   0x08002686   0x00000002   PAD
    0x08002688   0x08002688   0x00000094   Code   RO           74    .text.RF_Link_Send  rf_xl2400.o
    0x0800271c   0x0800271c   0x00000076   Code   RO           33    .text.RF_Refresh_State  xl2400t.o
    0x08002792   0x08002792   0x00000002   PAD
    0x08002794   0x08002794   0x0000018c   Code   RO           23    .text.RF_SPI_Read_Byte  xl2400t.o
    0x08002920   0x08002920   0x0000016c   Code   RO           19    .text.RF_SPI_Write_Byte  xl2400t.o
    0x08002a8c   0x08002a8c   0x00000084   Code   RO           39    .text.RF_Set_Address  xl2400t.o
    0x08002b10   0x08002b10   0x000000c4   Code   RO           37    .text.RF_Set_Chn    xl2400t.o
    0x08002bd4   0x08002bd4   0x00000128   Code   RO           53    .text.RF_TX_Data    xl2400t.o
    0x08002cfc   0x08002cfc   0x00000060   Code   RO           47    .text.RF_Tx_Mode    xl2400t.o
    0x08002d5c   0x08002d5c   0x000000f4   Code   RO           92    .text.Read_ADC1_Channel  main.o
    0x08002e50   0x08002e50   0x00000002   Code   RO          114    .text.SVC_Handler   stm32c0xx_it.o
    0x08002e52   0x08002e52   0x00000008   Code   RO          118    .text.SysTick_Handler  stm32c0xx_it.o
    0x08002e5a   0x08002e5a   0x00000002   PAD
    0x08002e5c   0x08002e5c   0x00000010   Code   RO         1149    .text.SystemInit    system_stm32c0xx.o
    0x08002e6c   0x08002e6c   0x000000d2   Code   RO          969    .text.UART_AdvFeatureConfig  stm32c0xx_hal_uart.o
    0x08002f3e   0x08002f3e   0x00000002   PAD
    0x08002f40   0x08002f40   0x000000c8   Code   RO          973    .text.UART_CheckIdleState  stm32c0xx_hal_uart.o
    0x08003008   0x08003008   0x00000190   Code   RO          971    .text.UART_SetConfig  stm32c0xx_hal_uart.o
    0x08003198   0x08003198   0x00000184   Code   RO          987    .text.UART_WaitOnFlagUntilTimeout  stm32c0xx_hal_uart.o
    0x0800331c   0x0800331c   0x00000304   Code   RO           51    .text.XL2400T_Init  xl2400t.o
    0x08003620   0x08003620   0x00000084   Code   RO           11    .text.XL2400T_SPI_Init  xl2400t.o
    0x080036a4   0x080036a4   0x00000e58   Code   RO           88    .text.main          main.o
    0x080044fc   0x080044fc   0x000001f6   Code   RO         1200    .text_divfast       c_p.l(aeabi_sdivfast.o)
    0x080046f2   0x080046f2   0x00000002   PAD
    0x080046f4   0x080046f4   0x00000040   Data   RO         1154    .rodata.AHBPrescTable  system_stm32c0xx.o
    0x08004734   0x08004734   0x00000020   Data   RO         1155    .rodata.APBPrescTable  system_stm32c0xx.o
    0x08004754   0x08004754   0x00000018   Data   RO         1099    .rodata.UARTPrescTable  stm32c0xx_hal_uart.o
    0x0800476c   0x0800476c   0x00000010   Data   RO         1140    .rodata.cst8        stm32c0xx_hal_uart_ex.o
    0x0800477c   0x0800477c   0x00000180   Data   RO           96    .rodata.str1.1      main.o
    0x080048fc   0x080048fc   0x00000020   Data   RO         1394    Region$$Table       anon$$obj.o


    Execution Region RW_IRAM1 (Exec base: 0x20000000, Load base: 0x08004920, Size: 0x00000808, Max: 0x00001800, ABSOLUTE)

    Exec Addr    Load Addr    Size         Type   Attr      Idx    E Section Name        Object

    0x20000000   0x08004920   0x00000003   Data   RW          100    .data..L_MergedGlobals  main.o
    0x20000003   0x08004923   0x00000001   PAD
    0x20000004   0x08004924   0x00000008   Data   RW          206    .data..L_MergedGlobals  stm32c0xx_hal.o
    0x2000000c   0x0800492c   0x00000005   Data   RW           57    .data.RF_Test_Adrress  xl2400t.o
    0x20000011   0x08004931   0x00000003   PAD
    0x20000014   0x08004934   0x00000004   Data   RW         1153    .data.SystemCoreClock  system_stm32c0xx.o
    0x20000018        -       0x00000060   Zero   RW         1260    .bss                c_p.l(libspace.o)
    0x20000078        -       0x00000070   Zero   RW          101    .bss..L_MergedGlobals.37  main.o
    0x200000e8        -       0x00000064   Zero   RW           97    .bss.hadc1          main.o
    0x2000014c        -       0x00000094   Zero   RW           98    .bss.huart1         main.o
    0x200001e0        -       0x00000018   Zero   RW          437    .bss.pFlash         stm32c0xx_hal_flash.o
    0x200001f8        -       0x00000008   Zero   RW           78    .bss.rf_tx_buf      rf_xl2400.o
    0x20000200        -       0x00000004   Zero   RW          205    .bss.uwTick         stm32c0xx_hal.o
    0x20000204   0x08004938   0x00000004   PAD
    0x20000208        -       0x00000200   Zero   RW            2    HEAP                startup_stm32c011xx.o
    0x20000408        -       0x00000400   Zero   RW            1    STACK               startup_stm32c011xx.o


==============================================================================

Image component sizes


      Code (inc. data)   RO Data    RW Data    ZI Data      Debug   Object Name

      3920        476        384          3        360      22560   main.o
       176          4          0          0          8       2413   rf_xl2400.o
        56         26        192          0       1536        684   startup_stm32c011xx.o
       172         16          0          8          4       6672   stm32c0xx_hal.o
      2290         92          0          0          0      22736   stm32c0xx_hal_adc.o
       116         20          0          0          0       6924   stm32c0xx_hal_cortex.o
       456         40          0          0         24       7329   stm32c0xx_hal_flash.o
       180          8          0          0          0       7801   stm32c0xx_hal_flash_ex.o
       930         24          0          0          0       5465   stm32c0xx_hal_gpio.o
       476         40          0          0          0      10150   stm32c0xx_hal_msp.o
      1248         48          0          0          0       7736   stm32c0xx_hal_rcc.o
       304          8          0          0          0       4807   stm32c0xx_hal_rcc_ex.o
      1356         90          0          0          0      67139   stm32c0xx_hal_tim.o
       280         36          0          0          0      26003   stm32c0xx_hal_tim_ex.o
      1706         84         24          0          0      50021   stm32c0xx_hal_uart.o
       302          8         16          0          0      12412   stm32c0xx_hal_uart_ex.o
        16          0          0          0          0        771   stm32c0xx_it.o
        16          4         96          4          0       1984   system_stm32c0xx.o
      2502          8          0          5          0      13725   xl2400t.o

    ----------------------------------------------------------------------
     16516       1032        744         24       1936     277332   Object Totals
         0          0         32          0          0          0   (incl. Generated)
        14          0          0          4          4          0   (incl. Padding)

    ----------------------------------------------------------------------

      Code (inc. data)   RO Data    RW Data    ZI Data      Debug   Library Member Name

         8          0          0          0          0         68   __main.o
       108          0          0          0          0         76   __printf.o
         0          0          0          0          0          0   __rtentry.o
        12          0          0          0          0          0   __rtentry2.o
         6          0          0          0          0          0   __rtentry4.o
        60          8          0          0          0          0   __scatter.o
        26          0          0          0          0          0   __scatter_copy.o
        28          0          0          0          0          0   __scatter_zi.o
        48          6          0          0          0         88   _printf_char_common.o
       108         18          0          0          0         76   _printf_dec.o
       176          0          0          0          0         84   _printf_intcommon.o
         2          0          0          0          0          0   _printf_percent.o
         4          0          0          0          0          0   _printf_percent_end.o
        10          0          0          0          0          0   _printf_u.o
        10          0          0          0          0         60   _sputc.o
       502          0          0          0          0         92   aeabi_sdivfast.o
        16          0          0          0          0         68   exit.o
         6          0          0          0          0        136   heapauxi.o
         0          0          0          0          0          0   indicate_semi.o
         2          0          0          0          0          0   libinit.o
         2          0          0          0          0          0   libinit2.o
         2          0          0          0          0          0   libshutdown.o
         2          0          0          0          0          0   libshutdown2.o
         8          4          0          0         96         68   libspace.o
        40          4          0          0          0         84   noretval__2sprintf.o
        64          0          0          0          0        108   rt_memclr.o
         2          0          0          0          0          0   rtexit.o
        10          0          0          0          0          0   rtexit2.o
        40          0          0          0          0         60   rtudiv10.o
        68          6          0          0          0         72   strlen.o
        12          4          0          0          0         60   sys_exit.o
        62          0          0          0          0         80   sys_stackheap_outer.o
         2          0          0          0          0         68   use_no_semi.o

    ----------------------------------------------------------------------
      1456         50          0          0         96       1348   Library Totals
        10          0          0          0          0          0   (incl. Padding)

    ----------------------------------------------------------------------

      Code (inc. data)   RO Data    RW Data    ZI Data      Debug   Library Name

      1446         50          0          0         96       1348   c_p.l

    ----------------------------------------------------------------------
      1456         50          0          0         96       1348   Library Totals

    ----------------------------------------------------------------------

==============================================================================


      Code (inc. data)   RO Data    RW Data    ZI Data      Debug   

     17972       1082        744         24       2032     277800   Grand Totals
     17972       1082        744         24       2032     277800   ELF Image Totals
     17972       1082        744         24          0          0   ROM Totals

==============================================================================

    Total RO  Size (Code + RO Data)                18716 (  18.28kB)
    Total RW  Size (RW Data + ZI Data)              2056 (   2.01kB)
    Total ROM Size (Code + RO Data + RW Data)      18740 (  18.30kB)

==============================================================================

